Product: MDK-ARM Standard 5.10
Component: ARM Compiler 5.04 update 1 (build 49)
Tool: armlink [5040049]

==============================================================================

Section Cross References

    main_m4.o(.text) refers to _printf_percent.o(.ARM.Collect$$_printf_percent$$00000000) for _printf_percent
    main_m4.o(.text) refers to _printf_d.o(.ARM.Collect$$_printf_percent$$00000009) for _printf_d
    main_m4.o(.text) refers to _printf_dec.o(.text) for _printf_int_dec
    main_m4.o(.text) refers to __2sprintf.o(.text) for __2sprintf
    main_m4.o(.text) refers to misc.o(i.showError) for showError
    main_m4.o(.text) refers to pixy_init.o(i._Z8pixyInitjPKhj) for pixyInit(unsigned, const unsigned char*, unsigned)
    main_m4.o(.text) refers to conncomp.o(.text) for cc_init(Chirp*)
    main_m4.o(.text) refers to serial.o(.text) for ser_init()
    main_m4.o(.text) refers to exec.o(.text) for exec_init(Chirp*)
    main_m4.o(.text) refers to progpt.o(.text) for ptLoadParams()
    main_m4.o(.text) refers to main_m4.o(.constdata) for LR0
    main_m4.o(.text) refers to pixy_init.o(.data) for g_chirpUsb
    main_m4.o(.text) refers to progblobs.o(.data) for g_progBlobs
    main_m4.o(.text) refers to progpt.o(.data) for g_progPt
    main_m4.o(.text) refers to progvideo.o(.data) for g_progVideo
    main_m4.o(.ARM.exidx) refers to main_m4.o(.text) for .text
    conncomp.o(.text) refers to _printf_percent.o(.ARM.Collect$$_printf_percent$$00000000) for _printf_percent
    conncomp.o(.text) refers to _printf_d.o(.ARM.Collect$$_printf_percent$$00000009) for _printf_d
    conncomp.o(.text) refers to _printf_dec.o(.text) for _printf_int_dec
    conncomp.o(.text) refers to colorlut.o(.text) for ColorLUT::clear(unsigned char)
    conncomp.o(.text) refers to qqueue.o(.text) for Qqueue::flush()
    conncomp.o(.text) refers to conncomp.o(i._ZN10ColorModelC1Ev) for ColorModel::ColorModel()
    conncomp.o(.text) refers to __2sprintf.o(.text) for __2sprintf
    conncomp.o(.text) refers to param.o(i._Z7prm_addPKcjS0_z) for prm_add(const char*, unsigned, const char*, ...)
    conncomp.o(.text) refers to param.o(i._Z7prm_getPKcz) for prm_get(const char*, ...)
    conncomp.o(.text) refers to blobs.o(.text) for Blobs::setParams(unsigned short, unsigned short, unsigned, ColorCodeMode)
    conncomp.o(.text) refers to new.o(i._Znwj) for operator new(unsigned)
    conncomp.o(.text) refers to chirp.o(i._ZN5Chirp14registerModuleEPK10ProcModule) for Chirp::registerModule(const ProcModule*)
    conncomp.o(.text) refers to chirp.o(i._ZN5Chirp7getProcEPKcPFjPS_E) for Chirp::getProc(const char*, unsigned(*)(Chirp*))
    conncomp.o(.text) refers to pixy_init.o(i._Z7cprintfPKcz) for cprintf(const char*, ...)
    conncomp.o(.text) refers to param.o(i._Z7prm_setPKcz) for prm_set(const char*, ...)
    conncomp.o(.text) refers to param.o(i._Z12prm_setDirtyb) for prm_setDirty(bool)
    conncomp.o(.text) refers to chirp.o(i._ZN5Chirp8assembleEhz) for Chirp::assemble(unsigned char, ...)
    conncomp.o(.text) refers to conncomp.o(.data) for g_loop
    conncomp.o(.text) refers to camera.o(.data) for g_rawFrame
    conncomp.o(.text) refers to conncomp.o(.conststring) for .conststring
    conncomp.o(.text) refers to conncomp.o(.constdata) for g_module
    conncomp.o(.text) refers to pixy_init.o(.data) for g_chirpM0
    conncomp.o(.text) refers to rt_memclr_w.o(.text) for __aeabi_memclr4
    conncomp.o(.text) refers to camera.o(i._Z11cam_setModeRKh) for cam_setMode(const unsigned char&)
    conncomp.o(.text) refers to chirp.o(i._ZN5Chirp4callEhsz) for Chirp::call(unsigned char, short, ...)
    conncomp.o(.text) refers to chirp.o(i._ZN5Chirp9serializeEPS_Phjz) for Chirp::serialize(Chirp*, unsigned char*, unsigned, ...)
    conncomp.o(.text) refers to chirp.o(i._ZN5Chirp9useBufferEPhj) for Chirp::useBuffer(unsigned char*, unsigned)
    conncomp.o(.text) refers to fflt_clz.o(x$fpl$ffltu) for __aeabi_ui2f
    conncomp.o(.text) refers to logf.o(i.logf) for logf
    conncomp.o(.text) refers to fmul.o(x$fpl$fmul) for __aeabi_fmul
    conncomp.o(.text) refers to ffixu.o(x$fpl$ffixu) for __aeabi_f2uiz
    conncomp.o(.text) refers to led.o(i._Z10led_setRGBRKhS0_S0_) for led_setRGB(const unsigned char&, const unsigned char&, const unsigned char&)
    conncomp.o(.text) refers to led.o(i._Z7led_setRKj) for led_set(const unsigned&)
    conncomp.o(.ARM.exidx) refers to conncomp.o(.text) for .text
    conncomp.o(.constdata) refers to conncomp.o(.conststring) for .conststring
    conncomp.o(.constdata) refers to conncomp.o(.text) for cc_getRLSFrameChirp(Chirp*)
    exec.o(.text) refers to param.o(i._Z7prm_addPKcjS0_z) for prm_add(const char*, unsigned, const char*, ...)
    exec.o(.text) refers to new.o(i._Znwj) for operator new(unsigned)
    exec.o(.text) refers to button.o(.text) for ButtonMachine::ButtonMachine()
[...]
    __scatterload_zeroinit                   0x140000bd   Thumb Code    28  __scatter_zi.o(!!handler_zi)
    Reset_Handler                            0x140000d9   Thumb Code    16  startup_lpc43xx_m4.o(.text)
    NMI_Handler                              0x140000e9   Thumb Code     2  startup_lpc43xx_m4.o(.text)
    HardFault_Handler                        0x140000eb   Thumb Code     2  startup_lpc43xx_m4.o(.text)
    MemManage_Handler                        0x140000ed   Thumb Code     2  startup_lpc43xx_m4.o(.text)
    BusFault_Handler                         0x140000ef   Thumb Code     2  startup_lpc43xx_m4.o(.text)
    UsageFault_Handler                       0x140000f1   Thumb Code     2  startup_lpc43xx_m4.o(.text)
    SVC_Handler                              0x140000f3   Thumb Code     2  startup_lpc43xx_m4.o(.text)
    DebugMon_Handler                         0x140000f5   Thumb Code     2  startup_lpc43xx_m4.o(.text)
    PendSV_Handler                           0x140000f7   Thumb Code     2  startup_lpc43xx_m4.o(.text)
    SysTick_Handler                          0x140000f9   Thumb Code     2  startup_lpc43xx_m4.o(.text)
    ADC0_IRQHandler                          0x140000fb   Thumb Code     0  startup_lpc43xx_m4.o(.text)
    ADC1_IRQHandler                          0x140000fb   Thumb Code     0  startup_lpc43xx_m4.o(.text)
    ATIMER_IRQHandler                        0x140000fb   Thumb Code     0  startup_lpc43xx_m4.o(.text)
    CAN0_IRQHandler                          0x140000fb   Thumb Code     0  startup_lpc43xx_m4.o(.text)
    CAN1_IRQHandler                          0x140000fb   Thumb Code     0  startup_lpc43xx_m4.o(.text)
    DAC_IRQHandler                           0x140000fb   Thumb Code     0  startup_lpc43xx_m4.o(.text)
    DMA_IRQHandler                           0x140000fb   Thumb Code     0  startup_lpc43xx_m4.o(.text)
    ETH_IRQHandler                           0x140000fb   Thumb Code     0  startup_lpc43xx_m4.o(.text)
    EVRT_IRQHandler                          0x140000fb   Thumb Code     0  startup_lpc43xx_m4.o(.text)
    EZH_IRQHandler                           0x140000fb   Thumb Code     0  startup_lpc43xx_m4.o(.text)
    FLASH_EEPROM_IRQHandler                  0x140000fb   Thumb Code     0  startup_lpc43xx_m4.o(.text)
    GINT0_IRQHandler                         0x140000fb   Thumb Code     0  startup_lpc43xx_m4.o(.text)
    GINT1_IRQHandler                         0x140000fb   Thumb Code     0  startup_lpc43xx_m4.o(.text)
    GPIO0_IRQHandler                         0x140000fb   Thumb Code     0  startup_lpc43xx_m4.o(.text)
    GPIO1_IRQHandler                         0x140000fb   Thumb Code     0  startup_lpc43xx_m4.o(.text)
    GPIO2_IRQHandler                         0x140000fb   Thumb Code     0  startup_lpc43xx_m4.o(.text)
    GPIO3_IRQHandler                         0x140000fb   Thumb Code     0  startup_lpc43xx_m4.o(.text)
    GPIO4_IRQHandler                         0x140000fb   Thumb Code     0  startup_lpc43xx_m4.o(.text)
    GPIO5_IRQHandler                         0x140000fb   Thumb Code     0  startup_lpc43xx_m4.o(.text)
    GPIO6_IRQHandler                         0x140000fb   Thumb Code     0  startup_lpc43xx_m4.o(.text)
    GPIO7_IRQHandler                         0x140000fb   Thumb Code     0  startup_lpc43xx_m4.o(.text)
    I2C1_IRQHandler                          0x140000fb   Thumb Code     0  startup_lpc43xx_m4.o(.text)
    I2S0_IRQHandler                          0x140000fb   Thumb Code     0  startup_lpc43xx_m4.o(.text)
    I2S1_IRQHandler                          0x140000fb   Thumb Code     0  startup_lpc43xx_m4.o(.text)
    LCD_IRQHandler                           0x140000fb   Thumb Code     0  startup_lpc43xx_m4.o(.text)
    M0s_IRQHandler                           0x140000fb   Thumb Code     0  startup_lpc43xx_m4.o(.text)
    MCPWM_IRQHandler                         0x140000fb   Thumb Code     0  startup_lpc43xx_m4.o(.text)
    QEI_IRQHandler                           0x140000fb   Thumb Code     0  startup_lpc43xx_m4.o(.text)
    RIT_IRQHandler                           0x140000fb   Thumb Code     0  startup_lpc43xx_m4.o(.text)
    RTC_IRQHandler                           0x140000fb   Thumb Code     0  startup_lpc43xx_m4.o(.text)
    SCT_IRQHandler                           0x140000fb   Thumb Code     0  startup_lpc43xx_m4.o(.text)
    SDIO_IRQHandler                          0x140000fb   Thumb Code     0  startup_lpc43xx_m4.o(.text)
    SGPIO_IRQHandler                         0x140000fb   Thumb Code     0  startup_lpc43xx_m4.o(.text)
    SPIFI_IRQHandler                         0x140000fb   Thumb Code     0  startup_lpc43xx_m4.o(.text)
    SPI_IRQHandler                           0x140000fb   Thumb Code     0  startup_lpc43xx_m4.o(.text)
    SSP0_IRQHandler                          0x140000fb   Thumb Code     0  startup_lpc43xx_m4.o(.text)
    TIMER0_IRQHandler                        0x140000fb   Thumb Code     0  startup_lpc43xx_m4.o(.text)
    TIMER1_IRQHandler                        0x140000fb   Thumb Code     0  startup_lpc43xx_m4.o(.text)
    TIMER2_IRQHandler                        0x140000fb   Thumb Code     0  startup_lpc43xx_m4.o(.text)
    TIMER3_IRQHandler                        0x140000fb   Thumb Code     0  startup_lpc43xx_m4.o(.text)
    UART1_IRQHandler                         0x140000fb   Thumb Code     0  startup_lpc43xx_m4.o(.text)
    UART2_IRQHandler                         0x140000fb   Thumb Code     0  startup_lpc43xx_m4.o(.text)
    UART3_IRQHandler                         0x140000fb   Thumb Code     0  startup_lpc43xx_m4.o(.text)
    USB1_IRQHandler                          0x140000fb   Thumb Code     0  startup_lpc43xx_m4.o(.text)
    VADC_IRQHandler                          0x140000fb   Thumb Code     0  startup_lpc43xx_m4.o(.text)
    WDT_IRQHandler                           0x140000fb   Thumb Code     0  startup_lpc43xx_m4.o(.text)
    __user_initial_stackheap                 0x140000fd   Thumb Code     0  startup_lpc43xx_m4.o(.text)
    getPC                                    0x14000121   Thumb Code     4  startup_lpc43xx_m4.o(.text)
    Long Thumb to Thumb Veneer to __rt_entry 0x14000125   Thumb Code    10  anon$$obj.o(Veneer$$Code)
    Region$$Table$$Base                      0x14000130   Number         0  anon$$obj.o(Region$$Table)
    Region$$Table$$Limit                     0x14000160   Number         0  anon$$obj.o(Region$$Table)
    g_qqueue                                 0x20000000   Data           4  conncomp.o(.data)
    g_blobs                                  0x20000004   Data           4  conncomp.o(.data)
    g_loop                                   0x20000008   Data           4  conncomp.o(.data)
    g_running                                0x20000010   Data           1  exec.o(.data)
    g_run                                    0x20000011   Data           1  exec.o(.data)
    g_program                                0x20000012   Data           1  exec.o(.data)
    g_override                               0x20000013   Data           1  exec.o(.data)
    g_execArg                                0x20000014   Data           4  exec.o(.data)
    g_bMachine                               0x20000020   Data           4  exec.o(.data)
    g_progBlobs                              0x20000024   Data          16  progblobs.o(.data)
    g_progVideo                              0x2000003c   Data          16  progvideo.o(.data)
    g_progPt                                 0x20000050   Data          16  progpt.o(.data)
    ecv_index                                0x20000060   Data           4  button.o(.data)
    SMoments::computeAxes                    0x20000064   Data           1  blob.o(.data)
    CBlob::leakcheck                         0x20000068   Data           4  blob.o(.data)
    CBlob::recordSegments                    0x2000006c   Data           1  blob.o(.data)
    CBlob::testMoments                       0x2000006d   Data           1  blob.o(.data)
    g_i2c0                                   0x20000074   Data           4  i2c.o(.data)
    g_ad                                     0x20000080   Data           4  analogdig.o(.data)
    g_spi                                    0x20000084   Data           4  spi.o(.data)
    g_uart0                                  0x20000088   Data           4  uart.o(.data)
    CGU_ClockSourceFrequency                 0x2000008c   Data          68  lpc43xx_cgu.o(.data)
    USB_DeviceStatus                         0x200000d0   Data           2  usbcore.o(.data)
    USB_DeviceAddress                        0x200000d2   Data           1  usbcore.o(.data)
    USB_Configuration                        0x200000d3   Data           1  usbcore.o(.data)
    USB_EndPointMask                         0x200000d4   Data           4  usbcore.o(.data)
    USB_EndPointHalt                         0x200000d8   Data           4  usbcore.o(.data)
    USB_EndPointStall                        0x200000dc   Data           4  usbcore.o(.data)
    USB_NumInterfaces                        0x200000e0   Data           1  usbcore.o(.data)
    USB_AltSetting                           0x200000e1   Data           1  usbcore.o(.data)
    EP0Data                                  0x200000e4   Data           8  usbcore.o(.data)
    SetupPacket                              0x200000ec   Data           8  usbcore.o(.data)
    g_chirpUsb                               0x200000f4   Data           4  pixy_init.o(.data)
    g_chirpM0                                0x200000f8   Data           4  pixy_init.o(.data)
    g_sccb                                   0x20000104   Data           4  camera.o(.data)
    g_rawFrame                               0x20000108   Data           8  camera.o(.data)
    _db_msg                                  0x20000144   Data           4  debug_frmwrk.o(.data)
    _db_msg_                                 0x20000148   Data           4  debug_frmwrk.o(.data)
    _db_char                                 0x2000014c   Data           4  debug_frmwrk.o(.data)
    _db_dec                                  0x20000150   Data           4  debug_frmwrk.o(.data)
    _db_dec_16                               0x20000154   Data           4  debug_frmwrk.o(.data)
    _db_dec_32                               0x20000158   Data           4  debug_frmwrk.o(.data)
    _db_hex                                  0x2000015c   Data           4  debug_frmwrk.o(.data)
    _db_hex_16                               0x20000160   Data           4  debug_frmwrk.o(.data)
    _db_hex_32                               0x20000164   Data           4  debug_frmwrk.o(.data)
    _db_get_char                             0x20000168   Data           4  debug_frmwrk.o(.data)
    DevStatusFS2HS                           0x2000016c   Data           4  usbhw.o(.data)
    g_recvData                               0x20000170   Data           4  usbuser.o(.data)
    g_recvLen                                0x20000174   Data           4  usbuser.o(.data)
    g_recvOffset                             0x20000178   Data           4  usbuser.o(.data)
    g_recvComplete                           0x2000017c   Data           1  usbuser.o(.data)
    g_recvTimerStart                         0x20000180   Data           4  usbuser.o(.data)
    g_sendData                               0x20000184   Data           4  usbuser.o(.data)
    g_sendLen                                0x20000188   Data           4  usbuser.o(.data)
    g_sendOffset                             0x2000018c   Data           4  usbuser.o(.data)
    g_sendComplete                           0x20000190   Data           1  usbuser.o(.data)
    g_sendTimerStart                         0x20000194   Data           4  usbuser.o(.data)
    g_bufUsed                                0x2000019c   Data           4  usblink.o(.data)
    mbxFlags                                 0x200001a0   Data           4  ipc_mbx.o(.data)
    mbxLocalTablePtr                         0x200001a4   Data           4  ipc_mbx.o(.data)
    mbxRemoteTablePtr                        0x200001a8   Data           4  ipc_mbx.o(.data)
    EP0Buf                                   0x2000023c   Data          64  usbcore.o(.bss)
    g_spifi                                  0x20000288   Data         128  platform_config.o(.bss)
    ep_QH                                    0x20000800   Data         512  usbhw.o(.bss)
    ep_TD                                    0x20000a00   Data         256  usbhw.o(.bss)
    g_drv                                    0x20000b10   Data          60  usbhw.o(.bss)
    g_buf                                    0x20000b4c   Data          64  usblink.o(.bss)
    __libspace_start                         0x20000b8c   Data          96  libspace.o(.bss)
    __temporary_stack_top$libspace           0x20000bec   Data           0  libspace.o(.bss)



==============================================================================

Memory Map of the image

  Image Entry point : 0x14000009

  Load Region LOAD_SPIFI (Base: 0x14000000, Size: 0x00015ac8, Max: 0x00100000, ABSOLUTE, COMPRESSED[0x00015968])

    Execution Region RW_IRAM0 (Base: 0x10000000, Size: 0x000157bc, Max: 0x00020000, ABSOLUTE)

    Base Addr    Size         Type   Attr      Idx    E Section Name        Object

    0x10000000   0x00000114   Data   RO         3759    VECTORS             libpixy_m4.lib(startup_lpc43xx_m4.o)
    0x10000114   0x00000000   Code   RO         4080    .ARM.Collect$$_printf_percent$$00000000  c_w.l(_printf_percent.o)
    0x10000114   0x00000006   Code   RO         4455    .ARM.Collect$$_printf_percent$$00000001  c_w.l(_printf_n.o)
    0x1000011a   0x00000006   Code   RO         4457    .ARM.Collect$$_printf_percent$$00000002  c_w.l(_printf_p.o)
    0x10000120   0x00000006   Code   RO         4461    .ARM.Collect$$_printf_percent$$00000003  c_w.l(_printf_f.o)
    0x10000126   0x00000006   Code   RO         4462    .ARM.Collect$$_printf_percent$$00000004  c_w.l(_printf_e.o)
    0x1000012c   0x00000006   Code   RO         4463    .ARM.Collect$$_printf_percent$$00000005  c_w.l(_printf_g.o)
    0x10000132   0x00000006   Code   RO         4464    .ARM.Collect$$_printf_percent$$00000006  c_w.l(_printf_a.o)
    0x10000138   0x0000000a   Code   RO         4469    .ARM.Collect$$_printf_percent$$00000007  c_w.l(_printf_ll.o)
    0x10000142   0x00000006   Code   RO         4459    .ARM.Collect$$_printf_percent$$00000008  c_w.l(_printf_i.o)
    0x10000148   0x00000006   Code   RO         4079    .ARM.Collect$$_printf_percent$$00000009  c_w.l(_printf_d.o)
    0x1000014e   0x00000006   Code   RO         4460    .ARM.Collect$$_printf_percent$$0000000A  c_w.l(_printf_u.o)
    0x10000154   0x00000006   Code   RO         4458    .ARM.Collect$$_printf_percent$$0000000B  c_w.l(_printf_o.o)
    0x1000015a   0x00000006   Code   RO         4456    .ARM.Collect$$_printf_percent$$0000000C  c_w.l(_printf_x.o)
    0x10000160   0x00000006   Code   RO         4466    .ARM.Collect$$_printf_percent$$0000000D  c_w.l(_printf_lli.o)
    0x10000166   0x00000006   Code   RO         4467    .ARM.Collect$$_printf_percent$$0000000E  c_w.l(_printf_lld.o)
    0x1000016c   0x00000006   Code   RO         4468    .ARM.Collect$$_printf_percent$$0000000F  c_w.l(_printf_llu.o)
    0x10000172   0x00000006   Code   RO         4473    .ARM.Collect$$_printf_percent$$00000010  c_w.l(_printf_llo.o)
    0x10000178   0x00000006   Code   RO         4474    .ARM.Collect$$_printf_percent$$00000011  c_w.l(_printf_llx.o)
    0x1000017e   0x0000000a   Code   RO         4470    .ARM.Collect$$_printf_percent$$00000012  c_w.l(_printf_l.o)
    0x10000188   0x00000006   Code   RO         4453    .ARM.Collect$$_printf_percent$$00000013  c_w.l(_printf_c.o)
    0x1000018e   0x00000006   Code   RO         4454    .ARM.Collect$$_printf_percent$$00000014  c_w.l(_printf_s.o)
    0x10000194   0x00000006   Code   RO         4471    .ARM.Collect$$_printf_percent$$00000015  c_w.l(_printf_lc.o)
    0x1000019a   0x00000006   Code   RO         4472    .ARM.Collect$$_printf_percent$$00000016  c_w.l(_printf_ls.o)
    0x100001a0   0x00000004   Code   RO         4465    .ARM.Collect$$_printf_percent$$00000017  c_w.l(_printf_percent_end.o)
    0x100001a4   0x00000002   Code   RO         4738    .ARM.Collect$$libinit$$00000000  c_w.l(libinit.o)
    0x100001a6   0x00000004   Code   RO         4485    .ARM.Collect$$libinit$$00000001  c_w.l(libinit2.o)
    0x100001aa   0x00000008   Code   RO         4487    .ARM.Collect$$libinit$$00000003  c_w.l(libinit2.o)
    0x100001b2   0x00000000   Code   RO         4489    .ARM.Collect$$libinit$$00000008  c_w.l(libinit2.o)
    0x100001b2   0x00000000   Code   RO         4491    .ARM.Collect$$libinit$$0000000A  c_w.l(libinit2.o)
    0x100001b2   0x00000000   Code   RO         4493    .ARM.Collect$$libinit$$0000000C  c_w.l(libinit2.o)
    0x100001b2   0x00000006   Code   RO         4494    .ARM.Collect$$libinit$$0000000D  c_w.l(libinit2.o)
    0x100001b8   0x00000000   Code   RO         4496    .ARM.Collect$$libinit$$0000000F  c_w.l(libinit2.o)
    0x100001b8   0x0000000c   Code   RO         4497    .ARM.Collect$$libinit$$00000010  c_w.l(libinit2.o)
    0x100001c4   0x00000000   Code   RO         4498    .ARM.Collect$$libinit$$00000011  c_w.l(libinit2.o)
    0x100001c4   0x00000000   Code   RO         4500    .ARM.Collect$$libinit$$00000013  c_w.l(libinit2.o)
    0x100001c4   0x0000000a   Code   RO         4501    .ARM.Collect$$libinit$$00000014  c_w.l(libinit2.o)
    0x100001ce   0x00000000   Code   RO         4502    .ARM.Collect$$libinit$$00000015  c_w.l(libinit2.o)
    0x100001ce   0x00000000   Code   RO         4504    .ARM.Collect$$libinit$$00000017  c_w.l(libinit2.o)
    0x100001ce   0x00000000   Code   RO         4506    .ARM.Collect$$libinit$$00000019  c_w.l(libinit2.o)
    0x100001ce   0x00000000   Code   RO         4508    .ARM.Collect$$libinit$$0000001B  c_w.l(libinit2.o)
    0x100001ce   0x00000000   Code   RO         4510    .ARM.Collect$$libinit$$0000001D  c_w.l(libinit2.o)
    0x100001ce   0x00000000   Code   RO         4512    .ARM.Collect$$libinit$$0000001F  c_w.l(libinit2.o)
    0x100001ce   0x00000000   Code   RO         4514    .ARM.Collect$$libinit$$00000021  c_w.l(libinit2.o)
    0x100001ce   0x00000000   Code   RO         4516    .ARM.Collect$$libinit$$00000023  c_w.l(libinit2.o)
    0x100001ce   0x00000000   Code   RO         4520    .ARM.Collect$$libinit$$0000002A  c_w.l(libinit2.o)
    0x100001ce   0x00000000   Code   RO         4522    .ARM.Collect$$libinit$$0000002C  c_w.l(libinit2.o)
    0x100001ce   0x00000000   Code   RO         4524    .ARM.Collect$$libinit$$0000002E  c_w.l(libinit2.o)
    0x100001ce   0x00000004   Code   RO         4525    .ARM.Collect$$libinit$$0000002F  c_w.l(libinit2.o)
    0x100001d2   0x00000000   Code   RO         4526    .ARM.Collect$$libinit$$00000030  c_w.l(libinit2.o)
    0x100001d2   0x00000002   Code   RO         4527    .ARM.Collect$$libinit$$00000031  c_w.l(libinit2.o)
    0x100001d4   0x00000002   Code   RO         4798    .ARM.Collect$$libshutdown$$00000000  c_w.l(libshutdown.o)
    0x100001d6   0x00000000   Code   RO         4773    .ARM.Collect$$libshutdown$$00000003  c_w.l(libshutdown2.o)
    0x100001d6   0x00000000   Code   RO         4776    .ARM.Collect$$libshutdown$$00000006  c_w.l(libshutdown2.o)
    0x100001d6   0x00000000   Code   RO         4779    .ARM.Collect$$libshutdown$$00000009  c_w.l(libshutdown2.o)
    0x100001d6   0x00000000   Code   RO         4781    .ARM.Collect$$libshutdown$$0000000B  c_w.l(libshutdown2.o)
    0x100001d6   0x00000000   Code   RO         4784    .ARM.Collect$$libshutdown$$0000000E  c_w.l(libshutdown2.o)
    0x100001d6   0x00000002   Code   RO         4785    .ARM.Collect$$libshutdown$$0000000F  c_w.l(libshutdown2.o)
    0x100001d8   0x00000000   Code   RO         4370    .ARM.Collect$$rtentry$$00000000  c_w.l(rtentry.o)
    0x100001d8   0x00000000   Code   RO         4591    .ARM.Collect$$rtentry$$00000002  c_w.l(rtentry2.o)
    0x100001d8   0x00000006   Code   RO         4603    .ARM.Collect$$rtentry$$00000004  c_w.l(rtentry4.o)
    0x100001de   0x00000000   Code   RO         4593    .ARM.Collect$$rtentry$$00000009  c_w.l(rtentry2.o)
    0x100001de   0x00000004   Code   RO         4594    .ARM.Collect$$rtentry$$0000000A  c_w.l(rtentry2.o)
    0x100001e2   0x00000000   Code   RO         4596    .ARM.Collect$$rtentry$$0000000C  c_w.l(rtentry2.o)
    0x100001e2   0x00000008   Code   RO         4597    .ARM.Collect$$rtentry$$0000000D  c_w.l(rtentry2.o)
    0x100001ea   0x00000002   Code   RO         4753    .ARM.Collect$$rtexit$$00000000  c_w.l(rtexit.o)
    0x100001ec   0x00000000   Code   RO         4790    .ARM.Collect$$rtexit$$00000002  c_w.l(rtexit2.o)
    0x100001ec   0x00000004   Code   RO         4791    .ARM.Collect$$rtexit$$00000003  c_w.l(rtexit2.o)
    0x100001f0   0x00000006   Code   RO         4792    .ARM.Collect$$rtexit$$00000004  c_w.l(rtexit2.o)
    0x100001f6   0x00000002   PAD
    0x100001f8   0x00000000   Code   RO         4616    .emb_text           c_w.l(maybetermalloc1.o)
    0x100001f8   0x0000009c   Code   RO            2    .text               main_m4.o
    0x10000294   0x00000988   Code   RO          206    .text               conncomp.o
    0x10000c1c   0x00000428   Code   RO          278    .text               exec.o
    0x10001044   0x00000164   Code   RO          318    .text               progblobs.o
    0x100011a8   0x00000150   Code   RO          359    .text               progvideo.o
    0x100012f8   0x00000340   Code   RO          386    .text               progpt.o
    0x10001638   0x00000604   Code   RO          431    .text               button.o
    0x10001c3c   0x00000588   Code   RO          476    .text               blob.o
    0x100021c4   0x0000133c   Code   RO          612    .text               blobs.o
    0x10003500   0x00000b88   Code   RO          652    .text               colorlut.o
    0x10004088   0x00000110   Code   RO          751    .text               qqueue.o
    0x10004198   0x0000097c   Code   RO          770    .text               lpc43xx_i2c.o
    0x10004b14   0x00000244   Code   RO          828    .text               i2c.o
    0x10004d58   0x000001ac   Code   RO          910    .text               serial.o
    0x10004f04   0x0000010c   Code   RO          952    .text               analogdig.o
    0x10005010   0x000003d0   Code   RO          992    .text               spi.o
    0x100053e0   0x000002f0   Code   RO         1050    .text               uart.o
    0x100056d0   0x000003e8   Code   RO         1091    .text               progchase.o
    0x10005ab8   0x000012f0   Code   RO         3949    .text               libpixy_m4.lib(spifi_rom_api.o)
    0x10006da8   0x000000a0   Code   RO         3952    .text               libpixy_m4.lib(amic.o)
    0x10006e48   0x00000114   Code   RO         3954    .text               libpixy_m4.lib(atmel.o)
    0x10006f5c   0x000000dc   Code   RO         3957    .text               libpixy_m4.lib(chi.o)
    0x10007038   0x000000b8   Code   RO         3959    .text               libpixy_m4.lib(eon.o)
    0x100070f0   0x000000bc   Code   RO         3961    .text               libpixy_m4.lib(esmt.o)
    0x100071ac   0x000000b0   Code   RO         3963    .text               libpixy_m4.lib(giga.o)
    0x1000725c   0x00000194   Code   RO         3965    .text               libpixy_m4.lib(macronix.o)
    0x100073f0   0x00000178   Code   RO         3968    .text               libpixy_m4.lib(numonyx.o)
    0x10007568   0x000000ec   Code   RO         3970    .text               libpixy_m4.lib(spansion.o)
    0x10007654   0x000000b8   Code   RO         3972    .text               libpixy_m4.lib(sst.o)
    0x1000770c   0x000000fc   Code   RO         3975    .text               libpixy_m4.lib(winbond.o)
    0x10007808   0x00000160   Code   RO         3979    .text               libpixy_m4.lib(falcon_details.o)
    0x10007968   0x0000005e   Code   RO         3989    .text               c_w.l(h1_alloc.o)
    0x100079c6   0x0000004e   Code   RO         3991    .text               c_w.l(h1_free.o)
    0x10007a14   0x000000ee   Code   RO         4047    .text               c_w.l(lludivv7m.o)
    0x10007b02   0x00000002   PAD
    0x10007b04   0x00000024   Code   RO         4049    .text               c_w.l(c89vsprintf.o)
    0x10007b28   0x0000002c   Code   RO         4051    .text               c_w.l(__2sprintf.o)
    0x10007b54   0x00000074   Code   RO         4057    .text               c_w.l(_printf_dec.o)
    0x10007bc8   0x00000188   Code   RO         4076    .text               c_w.l(__printf_flags_ss_wp.o)
    0x10007d50   0x0000007c   Code   RO         4081    .text               c_w.l(assert.o)
    0x10007dcc   0x00000048   Code   RO         4083    .text               c_w.l(strcpy.o)
    0x10007e14   0x0000003e   Code   RO         4085    .text               c_w.l(strlen.o)
    0x10007e52   0x0000008a   Code   RO         4087    .text               c_w.l(rt_memcpy_v6.o)
    0x10007edc   0x00000064   Code   RO         4089    .text               c_w.l(rt_memcpy_w.o)
    0x10007f40   0x0000004e   Code   RO         4091    .text               c_w.l(rt_memclr_w.o)
    0x10007f8e   0x00000002   PAD
    0x10007f90   0x00000080   Code   RO         4093    .text               c_w.l(strcmpv7m.o)
    0x10008010   0x00000006   Code   RO         4095    .text               c_w.l(heapauxi.o)
    0x10008016   0x00000002   PAD
    0x10008018   0x00000024   Code   RO         4102    .text               c_w.l(init_aeabi.o)
    0x1000803c   0x00000022   Code   RO         4128    .text               cpprt_w.l(aeabi_vec_dtor_noexceptions.o)
    0x1000805e   0x00000002   PAD
    0x10008060   0x00000008   Code   RO         4378    .text               c_w.l(rt_heap_descriptor_intlibspace.o)
    0x10008068   0x00000008   Code   RO         4383    .text               c_w.l(rt_new_handler_addr_intlibspace.o)
    0x10008070   0x00000004   Code   RO         4385    .text               c_w.l(hguard.o)
    0x10008074   0x0000008a   Code   RO         4387    .text               c_w.l(init_alloc.o)
    0x100080fe   0x0000000e   Code   RO         4391    .text               c_w.l(h1_init.o)
    0x1000810c   0x00000016   Code   RO         4405    .text               c_w.l(_rserrno.o)
    0x10008122   0x0000004e   Code   RO         4407    .text               c_w.l(_printf_pad.o)
    0x10008170   0x00000024   Code   RO         4409    .text               c_w.l(_printf_truncate.o)
    0x10008194   0x00000052   Code   RO         4411    .text               c_w.l(_printf_str.o)
    0x100081e6   0x000000b2   Code   RO         4413    .text               c_w.l(_printf_intcommon.o)
    0x10008298   0x00000028   Code   RO         4415    .text               c_w.l(_printf_charcount.o)
    0x100082c0   0x00000030   Code   RO         4417    .text               c_w.l(_printf_char_common.o)
    0x100082f0   0x0000000a   Code   RO         4419    .text               c_w.l(_sputc.o)
    0x100082fa   0x00000002   PAD
    0x100082fc   0x000000bc   Code   RO         4421    .text               c_w.l(_printf_wctomb.o)
    0x100083b8   0x00000078   Code   RO         4424    .text               c_w.l(_printf_longlong_dec.o)
    0x10008430   0x00000070   Code   RO         4430    .text               c_w.l(_printf_oct_int_ll.o)
    0x100084a0   0x00000094   Code   RO         4450    .text               c_w.l(_printf_hex_int_ll_ptr.o)
    0x10008534   0x00000010   Code   RO         4475    .text               c_w.l(abort.o)
    0x10008544   0x00000008   Code   RO         4479    .text               c_w.l(defsig_pvfn_formal.o)
    0x1000854c   0x00000014   Code   RO         4481    .text               c_w.l(assert_puts.o)
    0x10008560   0x00000004   Code   RO         4533    .text               cpprt_w.l(arm_newhandler_noexceptions.o)
    0x10008564   0x0000000e   Code   RO         4581    .text               c_w.l(sys_wrch.o)
    0x10008572   0x00000002   PAD
    0x10008574   0x0000000c   Code   RO         4585    .text               c_w.l(sys_exit.o)
    0x10008580   0x00000008   Code   RO         4587    .text               c_w.l(libspace.o)
    0x10008588   0x00000014   Code   RO         4607    .text               c_w.l(rt_raise.o)
    0x1000859c   0x00000008   Code   RO         4612    .text               c_w.l(rt_errno_addr_intlibspace.o)
    0x100085a4   0x00000034   Code   RO         4618    .text               c_w.l(h1_extend.o)
    0x100085d8   0x0000008a   Code   RO         4622    .text               c_w.l(lludiv10.o)
    0x10008662   0x00000416   Code   RO         4624    .text               c_w.l(_printf_fp_dec.o)
    0x10008a78   0x0000002c   Code   RO         4628    .text               c_w.l(_printf_char.o)
    0x10008aa4   0x0000002c   Code   RO         4630    .text               c_w.l(_printf_wchar.o)
    0x10008ad0   0x00000040   Code   RO         4632    .text               c_w.l(_wcrtomb.o)
    0x10008b10   0x00000008   Code   RO         4638    .text               c_w.l(defsig_abrt_formal.o)
    0x10008b18   0x00000008   Code   RO         4642    .text               c_w.l(defsig_rtmem_formal.o)
    0x10008b20   0x0000001a   Code   RO         4653    .text               cpprt_w.l(arm_exceptions_terminate.o)
    0x10008b3a   0x00000002   Code   RO         4671    .text               c_w.l(use_no_semi.o)
    0x10008b3c   0x00000000   Code   RO         4673    .text               c_w.l(indicate_semi.o)
    0x10008b3c   0x0000004a   Code   RO         4674    .text               c_w.l(sys_stackheap_outer.o)
    0x10008b86   0x00000002   PAD
    0x10008b88   0x00000010   Code   RO         4676    .text               c_w.l(rt_ctype_table.o)
    0x10008b98   0x00000008   Code   RO         4681    .text               c_w.l(rt_locale_intlibspace.o)
    0x10008ba0   0x00000080   Code   RO         4685    .text               c_w.l(_printf_fp_infnan.o)
    0x10008c20   0x000000d8   Code   RO         4687    .text               c_w.l(bigflt0.o)
    0x10008cf8   0x0000000c   Code   RO         4715    .text               c_w.l(exit.o)
    0x10008d04   0x00000030   Code   RO         4717    .text               c_w.l(__raise.o)
    0x10008d34   0x00000050   Code   RO         4745    .text               cpprt_w.l(arm_exceptions_globs.o)
    0x10008d84   0x00000008   Code   RO         4758    .text               c_w.l(rt_eh_globals_addr_intlibspace.o)
    0x10008d8c   0x0000003c   Code   RO         4786    .text               cpprt_w.l(arm_exceptions_mem.o)
    0x10008dc8   0x0000003e   Code   RO         4690    CL$$btod_d2e        c_w.l(btod.o)
    0x10008e06   0x00000046   Code   RO         4692    CL$$btod_d2e_denorm_low  c_w.l(btod.o)
    0x10008e4c   0x00000060   Code   RO         4691    CL$$btod_d2e_norm_op1  c_w.l(btod.o)
    0x10008eac   0x00000338   Code   RO         4700    CL$$btod_div_common  c_w.l(btod.o)
    0x100091e4   0x000000c6   Code   RO         4697    CL$$btod_e2e        c_w.l(btod.o)
    0x100092aa   0x00000028   Code   RO         4694    CL$$btod_ediv       c_w.l(btod.o)
    0x100092d2   0x00000028   Code   RO         4693    CL$$btod_emul       c_w.l(btod.o)
    0x100092fa   0x00000244   Code   RO         4699    CL$$btod_mult_common  c_w.l(btod.o)
    0x1000953e   0x0000000a   Ven    RO         4810    Veneer$$Code        anon$$obj.o
    0x10009548   0x0000000a   Ven    RO         4811    Veneer$$Code        anon$$obj.o
    0x10009552   0x0000001e   Code   RO         2955    i.ADC_ChannelCmd    libpixy_m4.lib(lpc43xx_adc.o)
    0x10009570   0x00000010   Code   RO         2956    i.ADC_ChannelGetData  libpixy_m4.lib(lpc43xx_adc.o)
    0x10009580   0x00000024   Code   RO         2957    i.ADC_ChannelGetStatus  libpixy_m4.lib(lpc43xx_adc.o)
    0x100095a4   0x00000060   Code   RO         2962    i.ADC_Init          libpixy_m4.lib(lpc43xx_adc.o)
    0x10009604   0x0000001a   Code   RO         2963    i.ADC_IntConfig     libpixy_m4.lib(lpc43xx_adc.o)
    0x1000961e   0x00000012   Code   RO         2965    i.ADC_StartCmd      libpixy_m4.lib(lpc43xx_adc.o)
    0x10009630   0x00000114   Code   RO         1118    i.CGU_EnableEntity  libpixy_m4.lib(lpc43xx_cgu.o)
    0x10009744   0x00000080   Code   RO         1119    i.CGU_EntityConnect  libpixy_m4.lib(lpc43xx_cgu.o)
    0x100097c4   0x000000f8   Code   RO         1122    i.CGU_GetPCLKFrequency  libpixy_m4.lib(lpc43xx_cgu.o)
    0x100098bc   0x00000040   Code   RO         1125    i.CGU_SetDIV        libpixy_m4.lib(lpc43xx_cgu.o)
    0x100098fc   0x0000002c   Code   RO         1126    i.CGU_SetPLL0       libpixy_m4.lib(lpc43xx_cgu.o)
    0x10009928   0x000000b4   Code   RO         1127    i.CGU_SetPLL1       libpixy_m4.lib(lpc43xx_cgu.o)
    0x100099dc   0x00000048   Code   RO         1128    i.CGU_SetXTALOSC    libpixy_m4.lib(lpc43xx_cgu.o)
    0x10009a24   0x000000c4   Code   RO         1129    i.CGU_UpdateClock   libpixy_m4.lib(lpc43xx_cgu.o)
    0x10009ae8   0x00000010   Code   RO         3104    i.EPAdr             libpixy_m4.lib(usbhw.o)
    0x10009af8   0x0000002c   Code   RO         3584    i.IPC_downloadSlaveImage  libpixy_m4.lib(ipc_mbx.o)
    0x10009b24   0x00000038   Code   RO         3589    i.IPC_haltSlave     libpixy_m4.lib(ipc_mbx.o)
    0x10009b5c   0x00000014   Code   RO         3592    i.IPC_queryLocalMbx  libpixy_m4.lib(ipc_mbx.o)
    0x10009b70   0x00000038   Code   RO         3596    i.IPC_startSlave    libpixy_m4.lib(ipc_mbx.o)
    0x10009ba8   0x00000034   Code   RO         3597    i.M0CORE_IRQHandler  libpixy_m4.lib(ipc_mbx.o)
    0x10009bdc   0x00000004   Code   RO         2257    i.SSP_ClearIntPending  libpixy_m4.lib(lpc43xx_ssp.o)
    0x10009be0   0x00000018   Code   RO         2258    i.SSP_Cmd           libpixy_m4.lib(lpc43xx_ssp.o)
    0x10009bf8   0x000000d0   Code   RO         2266    i.SSP_Init          libpixy_m4.lib(lpc43xx_ssp.o)
    0x10009cc8   0x0000001a   Code   RO         2267    i.SSP_IntConfig     libpixy_m4.lib(lpc43xx_ssp.o)
    0x10009ce2   0x00000002   PAD
    0x10009ce4   0x00000014   Code   RO         3934    i.SystemInit        libpixy_m4.lib(system_lpc43xx.o)
    0x10009cf8   0x0000001a   Code   RO         2856    i.UARTGetChar       libpixy_m4.lib(debug_frmwrk.o)
    0x10009d12   0x00000012   Code   RO         2857    i.UARTPutChar       libpixy_m4.lib(debug_frmwrk.o)
    0x10009d24   0x00000060   Code   RO         2858    i.UARTPutDec        libpixy_m4.lib(debug_frmwrk.o)
    0x10009d84   0x000000a0   Code   RO         2859    i.UARTPutDec16      libpixy_m4.lib(debug_frmwrk.o)
    0x10009e24   0x0000012c   Code   RO         2860    i.UARTPutDec32      libpixy_m4.lib(debug_frmwrk.o)
    0x10009f50   0x00000048   Code   RO         2861    i.UARTPutHex        libpixy_m4.lib(debug_frmwrk.o)
    0x10009f98   0x00000048   Code   RO         2862    i.UARTPutHex16      libpixy_m4.lib(debug_frmwrk.o)
    0x10009fe0   0x00000048   Code   RO         2863    i.UARTPutHex32      libpixy_m4.lib(debug_frmwrk.o)
    0x1000a028   0x0000001c   Code   RO         2864    i.UARTPuts          libpixy_m4.lib(debug_frmwrk.o)
    0x1000a044   0x0000001c   Code   RO         2865    i.UARTPuts_         libpixy_m4.lib(debug_frmwrk.o)
    0x1000a060   0x00000014   Code   RO         1253    i.UART_ConfigStructInit  libpixy_m4.lib(lpc43xx_uart.o)
    0x1000a074   0x0000006c   Code   RO         1255    i.UART_FIFOConfig   libpixy_m4.lib(lpc43xx_uart.o)
    0x1000a0e0   0x00000160   Code   RO         1262    i.UART_Init         libpixy_m4.lib(lpc43xx_uart.o)
    0x1000a240   0x00000078   Code   RO         1263    i.UART_IntConfig    libpixy_m4.lib(lpc43xx_uart.o)
    0x1000a2b8   0x00000072   Code   RO         1269    i.UART_Receive      libpixy_m4.lib(lpc43xx_uart.o)
    0x1000a32a   0x00000002   PAD
    0x1000a32c   0x00000018   Code   RO         1270    i.UART_ReceiveByte  libpixy_m4.lib(lpc43xx_uart.o)
    0x1000a344   0x00000094   Code   RO         1271    i.UART_Send         libpixy_m4.lib(lpc43xx_uart.o)
    0x1000a3d8   0x00000018   Code   RO         1272    i.UART_SendByte     libpixy_m4.lib(lpc43xx_uart.o)
    0x1000a3f0   0x00000038   Code   RO         1273    i.UART_TxCmd        libpixy_m4.lib(lpc43xx_uart.o)
    0x1000a428   0x000001d8   Code   RO         1274    i.UART_setBaudRate  libpixy_m4.lib(lpc43xx_uart.o)
    0x1000a600   0x000001c4   Code   RO         3105    i.USB0_IRQHandler   libpixy_m4.lib(usbhw.o)
    0x1000a7c4   0x00000050   Code   RO         3106    i.USB_ClrStallEP    libpixy_m4.lib(usbhw.o)
    0x1000a814   0x00000094   Code   RO         3107    i.USB_ConfigEP      libpixy_m4.lib(usbhw.o)
    0x1000a8a8   0x00000002   Code   RO         3108    i.USB_Configure     libpixy_m4.lib(usbhw.o)
    0x1000a8aa   0x00000002   Code   RO         3276    i.USB_Configure_Event  libpixy_m4.lib(usbuser.o)
    0x1000a8ac   0x0000002c   Code   RO         3109    i.USB_Connect       libpixy_m4.lib(usbhw.o)
    0x1000a8d8   0x00000038   Code   RO         1434    i.USB_DataInStage   libpixy_m4.lib(usbcore.o)
    0x1000a910   0x00000028   Code   RO         1435    i.USB_DataOutStage  libpixy_m4.lib(usbcore.o)
    0x1000a938   0x00000002   Code   RO         3110    i.USB_DirCtrlEP     libpixy_m4.lib(usbhw.o)
    0x1000a93a   0x00000002   PAD
    0x1000a93c   0x00000060   Code   RO         3111    i.USB_DisableEP     libpixy_m4.lib(usbhw.o)
    0x1000a99c   0x00000060   Code   RO         3112    i.USB_EnableEP      libpixy_m4.lib(usbhw.o)
    0x1000a9fc   0x00000268   Code   RO         1436    i.USB_EndPoint0     libpixy_m4.lib(usbcore.o)
    0x1000ac64   0x0000000a   Code   RO         3277    i.USB_EndPoint1     libpixy_m4.lib(usbuser.o)
    0x1000ac6e   0x00000022   Code   RO         3278    i.USB_EndPoint2     libpixy_m4.lib(usbuser.o)
    0x1000ac90   0x000000a8   Code   RO         3113    i.USB_Init          libpixy_m4.lib(usbhw.o)
    0x1000ad38   0x0000008c   Code   RO         3114    i.USB_ProgDTD       libpixy_m4.lib(usbhw.o)
    0x1000adc4   0x00000034   Code   RO         3115    i.USB_ReadEP        libpixy_m4.lib(usbhw.o)
    0x1000adf8   0x00000060   Code   RO         3116    i.USB_ReadReqEP     libpixy_m4.lib(usbhw.o)
    0x1000ae58   0x00000084   Code   RO         3117    i.USB_ReadSetupPkt  libpixy_m4.lib(usbhw.o)
    0x1000aedc   0x00000038   Code   RO         3282    i.USB_Recv          libpixy_m4.lib(usbuser.o)
    0x1000af14   0x0000000a   Code   RO         3283    i.USB_RecvReset     libpixy_m4.lib(usbuser.o)
    0x1000af1e   0x00000002   PAD
    0x1000af20   0x00000120   Code   RO         1498    i.USB_ReqGetDescriptor  libpixy_m4.lib(usbcore.o)
    0x1000b040   0x000000c0   Code   RO         1486    i.USB_ReqGetStatus  libpixy_m4.lib(usbcore.o)
    0x1000b100   0x000000fc   Code   RO         1492    i.USB_ReqSetClrFeature  libpixy_m4.lib(usbcore.o)
    0x1000b1fc   0x000001cc   Code   RO         1504    i.USB_ReqSetConfiguration  libpixy_m4.lib(usbcore.o)
    0x1000b3c8   0x00000150   Code   RO         1510    i.USB_ReqSetInterface  libpixy_m4.lib(usbcore.o)
    0x1000b518   0x00000134   Code   RO         3118    i.USB_Reset         libpixy_m4.lib(usbhw.o)
    0x1000b64c   0x0000003c   Code   RO         1437    i.USB_ResetCore     libpixy_m4.lib(usbcore.o)
    0x1000b688   0x0000006c   Code   RO         3119    i.USB_ResetEP       libpixy_m4.lib(usbhw.o)
    0x1000b6f4   0x00000008   Code   RO         3284    i.USB_Reset_Event   libpixy_m4.lib(usbuser.o)
    0x1000b6fc   0x00000038   Code   RO         3286    i.USB_Send          libpixy_m4.lib(usbuser.o)
    0x1000b734   0x0000000a   Code   RO         3287    i.USB_SendReset     libpixy_m4.lib(usbuser.o)
    0x1000b73e   0x00000002   PAD
    0x1000b740   0x0000001c   Code   RO         3121    i.USB_SetAddress    libpixy_m4.lib(usbhw.o)
    0x1000b75c   0x00000034   Code   RO         3122    i.USB_SetStallEP    libpixy_m4.lib(usbhw.o)
    0x1000b790   0x0000002c   Code   RO         3123    i.USB_SetTestMode   libpixy_m4.lib(usbhw.o)
    0x1000b7bc   0x00000010   Code   RO         1438    i.USB_SetupStage    libpixy_m4.lib(usbcore.o)
    0x1000b7cc   0x0000000e   Code   RO         1439    i.USB_StatusInStage  libpixy_m4.lib(usbcore.o)
    0x1000b7da   0x00000002   PAD
    0x1000b7dc   0x00000010   Code   RO         1440    i.USB_StatusOutStage  libpixy_m4.lib(usbcore.o)
    0x1000b7ec   0x00000040   Code   RO         3289    i.USB_UserInit      libpixy_m4.lib(usbuser.o)
    0x1000b82c   0x00000002   Code   RO         3126    i.USB_WakeUpCfg     libpixy_m4.lib(usbhw.o)
    0x1000b82e   0x00000002   PAD
    0x1000b830   0x00000060   Code   RO         3127    i.USB_WriteEP       libpixy_m4.lib(usbhw.o)
    0x1000b890   0x00000050   Code   RO         3290    i.USB_handleState   libpixy_m4.lib(usbuser.o)
    0x1000b8e0   0x00000068   Code   RO         1557    i._Z10CameraInitv   libpixy_m4.lib(pixy_init.o)
    0x1000b948   0x0000000c   Code   RO         1766    i._Z10cam_getAECv   libpixy_m4.lib(camera.o)
    0x1000b954   0x0000000c   Code   RO         1767    i._Z10cam_getAWBv   libpixy_m4.lib(camera.o)
    0x1000b960   0x00000034   Code   RO         1768    i._Z10cam_getECVv   libpixy_m4.lib(camera.o)
    0x1000b994   0x00000034   Code   RO         1769    i._Z10cam_getWBVv   libpixy_m4.lib(camera.o)
    0x1000b9c8   0x00000044   Code   RO         1770    i._Z10cam_setAECRKh  libpixy_m4.lib(camera.o)
    0x1000ba0c   0x0000005c   Code   RO         1771    i._Z10cam_setAWBRKh  libpixy_m4.lib(camera.o)
    0x1000ba68   0x00000050   Code   RO         1772    i._Z10cam_setECVRKj  libpixy_m4.lib(camera.o)
    0x1000bab8   0x00000038   Code   RO         1773    i._Z10cam_setWBVRKj  libpixy_m4.lib(camera.o)
    0x1000baf0   0x00000030   Code   RO         1558    i._Z10commonInitv   libpixy_m4.lib(pixy_init.o)
    0x1000bb20   0x0000005c   Code   RO         2053    i._Z10led_setPWMht  libpixy_m4.lib(led.o)
    0x1000bb7c   0x0000002a   Code   RO         2054    i._Z10led_setRGBRKhS0_S0_  libpixy_m4.lib(led.o)
    0x1000bba6   0x00000002   PAD
    0x1000bba8   0x00000034   Code   RO         2369    i._Z10prm_formatv   libpixy_m4.lib(param.o)
    0x1000bbdc   0x000000b4   Code   RO         2370    i._Z10prm_getAllRKtP5Chirp  libpixy_m4.lib(param.o)
    0x1000bc90   0x00000018   Code   RO         3850    i._Z10pwr_getVinv   libpixy_m4.lib(power.o)
    0x1000bca8   0x0000005c   Code   RO         2134    i._Z10rcs_enableRKhS0_  libpixy_m4.lib(rcservo.o)
    0x1000bd04   0x0000001c   Code   RO         2135    i._Z10rcs_getPosRKh  libpixy_m4.lib(rcservo.o)
    0x1000bd20   0x0000009c   Code   RO         2136    i._Z10rcs_setPosRKhRKt  libpixy_m4.lib(rcservo.o)
    0x1000bdbc   0x0000000c   Code   RO         1774    i._Z11cam_getModev  libpixy_m4.lib(camera.o)
    0x1000bdc8   0x00000050   Code   RO         1775    i._Z11cam_setModeRKh  libpixy_m4.lib(camera.o)
    0x1000be18   0x00000060   Code   RO         1776    i._Z11cam_setRegsPKhi  libpixy_m4.lib(camera.o)
    0x1000be78   0x00000068   Code   RO         3901    i._Z11flash_erasejj  libpixy_m4.lib(flash.o)
    0x1000bee0   0x00000014   Code   RO         2371    i._Z11prm_getDescP11ParamRecord  libpixy_m4.lib(param.o)
    0x1000bef4   0x00000060   Code   RO         2372    i._Z11prm_getInfoPKcP5Chirp  libpixy_m4.lib(param.o)
    0x1000bf54   0x00000014   Code   RO         3851    i._Z11pwr_getVbusv  libpixy_m4.lib(power.o)
    0x1000bf68   0x00000038   Code   RO         2137    i._Z11rcs_setFreqRKt  libpixy_m4.lib(rcservo.o)
    0x1000bfa0   0x000000f8   Code   RO         1777    i._Z12cam_getFramePhjhtttt  libpixy_m4.lib(camera.o)
    0x1000c098   0x00000038   Code   RO         2373    i._Z12prm_getChirpPKcP5Chirp  libpixy_m4.lib(param.o)
    0x1000c0d0   0x00000040   Code   RO         2374    i._Z12prm_nextFreev  libpixy_m4.lib(param.o)
    0x1000c110   0x000000a4   Code   RO         2375    i._Z12prm_setChirpPKcRKjPKh  libpixy_m4.lib(param.o)
    0x1000c1b4   0x0000000c   Code   RO         2376    i._Z12prm_setDirtyb  libpixy_m4.lib(param.o)
    0x1000c1c0   0x00000008   Code   RO         4546    i._Z13__new_nothrowj  cpprt_w.l(new_cheapnothrow.o)
    0x1000c1c8   0x00000058   Code   RO         3902    i._Z13flash_programjPKhj  libpixy_m4.lib(flash.o)
    0x1000c220   0x00000040   Code   RO         2377    i._Z13prm_verifyAllv  libpixy_m4.lib(param.o)
    0x1000c260   0x0000008c   Code   RO         2138    i._Z13rcs_setLimitsRKhRKsS2_  libpixy_m4.lib(rcservo.o)
    0x1000c2ec   0x00000110   Code   RO         1778    i._Z14cam_loadParamsv  libpixy_m4.lib(camera.o)
    0x1000c3fc   0x00000018   Code   RO         3852    i._Z14pwr_USBpoweredv  libpixy_m4.lib(power.o)
    0x1000c414   0x00000168   Code   RO         2139    i._Z14rcs_loadParamsv  libpixy_m4.lib(rcservo.o)
    0x1000c57c   0x00000014   Code   RO         1779    i._Z15cam_getRegisterRKh  libpixy_m4.lib(camera.o)
    0x1000c590   0x0000001c   Code   RO         1780    i._Z15cam_setRegisterRKhS0_  libpixy_m4.lib(camera.o)
    0x1000c5ac   0x0000003c   Code   RO         1781    i._Z15cam_testPatternRKh  libpixy_m4.lib(camera.o)
    0x1000c5e8   0x0000000c   Code   RO         1782    i._Z16cam_getLightModev  libpixy_m4.lib(camera.o)
    0x1000c5f4   0x000000cc   Code   RO         1783    i._Z16cam_setLightModeRKh  libpixy_m4.lib(camera.o)
    0x1000c6c0   0x00000018   Code   RO         2378    i._Z16prm_verifyRecordPK11ParamRecord  libpixy_m4.lib(param.o)
    0x1000c6d8   0x0000000c   Code   RO         1784    i._Z17cam_getBrightnessv  libpixy_m4.lib(camera.o)
    0x1000c6e4   0x00000028   Code   RO         1785    i._Z17cam_getFrameChirpRKhRKtS2_S2_S2_P5Chirp  libpixy_m4.lib(camera.o)
    0x1000c70c   0x0000003c   Code   RO         1786    i._Z17cam_setBrightnessRKh  libpixy_m4.lib(camera.o)
    0x1000c748   0x00000020   Code   RO         2055    i._Z17led_getMaxCurrentv  libpixy_m4.lib(led.o)
    0x1000c768   0x000000f4   Code   RO         2056    i._Z17led_setMaxCurrentRKj  libpixy_m4.lib(led.o)
    0x1000c85c   0x00000028   Code   RO         2379    i._Z17prm_getDataOffsetPK11ParamRecord  libpixy_m4.lib(param.o)
    0x1000c884   0x00000090   Code   RO         1787    i._Z22cam_getFrameChirpFlagsRKhRKtS2_S2_S2_P5Chirph  libpixy_m4.lib(camera.o)
    0x1000c914   0x00000002   Code   RO         2529    i._Z3logPKcz        libpixy_m4.lib(chirp.o)
    0x1000c916   0x00000002   PAD
    0x1000c918   0x00000020   Code   RO         1560    i._Z7ADCInitv       libpixy_m4.lib(pixy_init.o)
    0x1000c938   0x00000108   Code   RO         1561    i._Z7SCTInitv       libpixy_m4.lib(pixy_init.o)
    0x1000ca40   0x00000034   Code   RO         1562    i._Z7cprintfPKcz    libpixy_m4.lib(pixy_init.o)
    0x1000ca74   0x00000038   Code   RO         2057    i._Z7led_setRKj     libpixy_m4.lib(led.o)
    0x1000caac   0x000000e8   Code   RO         2058    i._Z7led_sethhb     libpixy_m4.lib(led.o)
    0x1000cb94   0x000000ca   Code   RO         2380    i._Z7prm_addPKcjS0_z  libpixy_m4.lib(param.o)
    0x1000cc5e   0x00000034   Code   RO         2381    i._Z7prm_crcPK11ParamRecord  libpixy_m4.lib(param.o)
    0x1000cc92   0x0000003a   Code   RO         2382    i._Z7prm_getPKcz    libpixy_m4.lib(param.o)
    0x1000cccc   0x0000003c   Code   RO         2383    i._Z7prm_setPKcz    libpixy_m4.lib(param.o)
    0x1000cd08   0x00000020   Code   RO         1563    i._Z8GPIOInitv      libpixy_m4.lib(pixy_init.o)
    0x1000cd28   0x00000088   Code   RO         1788    i._Z8cam_initv      libpixy_m4.lib(camera.o)
    0x1000cdb0   0x0000010c   Code   RO         2059    i._Z8led_initv      libpixy_m4.lib(led.o)
    0x1000cebc   0x00000058   Code   RO         1564    i._Z8periodicv      libpixy_m4.lib(pixy_init.o)
    0x1000cf14   0x00000100   Code   RO         1565    i._Z8pixyInitjPKhj  libpixy_m4.lib(pixy_init.o)
    0x1000d014   0x00000058   Code   RO         2384    i._Z8prm_findPKcPh  libpixy_m4.lib(param.o)
    0x1000d06c   0x00000024   Code   RO         2385    i._Z8prm_initP5Chirp  libpixy_m4.lib(param.o)
    0x1000d090   0x00000050   Code   RO         3853    i._Z8pwr_initv      libpixy_m4.lib(power.o)
    0x1000d0e0   0x00000054   Code   RO         2140    i._Z8rcs_initv      libpixy_m4.lib(rcservo.o)
    0x1000d134   0x00000014   Code   RO         2530    i._Z9copyAlignPcPKci  libpixy_m4.lib(chirp.o)
    0x1000d148   0x00000088   Code   RO         1566    i._Z9handleAWBv     libpixy_m4.lib(pixy_init.o)
    0x1000d1d0   0x00000010   Code   RO         2386    i._Z9prm_dirtyv     libpixy_m4.lib(param.o)
    0x1000d1e0   0x00000008   Code   RO         2387    i._Z9prm_getIdP11ParamRecord  libpixy_m4.lib(param.o)
    0x1000d1e8   0x00000014   Code   RO         3854    i._Z9pwr_get5vv     libpixy_m4.lib(power.o)
    0x1000d1fc   0x00000024   Code   RO         1567    i._Z9timerInitv     libpixy_m4.lib(pixy_init.o)
    0x1000d220   0x00000030   Code   RO          224    i._ZN10ColorModelC1Ev  conncomp.o
    0x1000d250   0x00000006   Code   RO          680    i._ZN4LineC1Eff     colorlut.o
    0x1000d256   0x00000008   Code   RO          230    i._ZN4LineC1Ev      conncomp.o
    0x1000d25e   0x0000000c   Code   RO         3540    i._ZN4Link8getFlagsEh  libpixy_m4.lib(usblink.o)
    0x1000d26a   0x00000006   Code   RO         3546    i._ZN4Link9blockSizeEv  libpixy_m4.lib(usblink.o)
    0x1000d270   0x000000a4   Code   RO         3417    i._ZN5CSccb4ReadEh  libpixy_m4.lib(sccb.o)
    0x1000d314   0x00000020   Code   RO         3477    i._ZN5CSccb4StopEv  libpixy_m4.lib(sccb.o)
    0x1000d334   0x00000028   Code   RO         3465    i._ZN5CSccb5DriveEv  libpixy_m4.lib(sccb.o)
    0x1000d35c   0x0000002a   Code   RO         3471    i._ZN5CSccb5StartEv  libpixy_m4.lib(sccb.o)
    0x1000d386   0x00000086   Code   RO         3419    i._ZN5CSccb5WriteEh  libpixy_m4.lib(sccb.o)
    0x1000d40c   0x0000002e   Code   RO         3420    i._ZN5CSccb5WriteEhh  libpixy_m4.lib(sccb.o)
    0x1000d43a   0x00000002   PAD
    0x1000d43c   0x00000028   Code   RO         3459    i._ZN5CSccb8TriStateEv  libpixy_m4.lib(sccb.o)
    0x1000d464   0x0000003c   Code   RO         3453    i._ZN5CSccb9PortWriteEhh  libpixy_m4.lib(sccb.o)
    0x1000d4a0   0x0000002c   Code   RO         3421    i._ZN5CSccbC1Eh     libpixy_m4.lib(sccb.o)
    0x1000d4cc   0x000000a8   Code   RO         2531    i._ZN5Chirp10getArgListEPhjS0_  libpixy_m4.lib(chirp.o)
    0x1000d574   0x0000004e   Code   RO         2532    i._ZN5Chirp10handleInitEPtPh  libpixy_m4.lib(chirp.o)
    0x1000d5c2   0x00000002   PAD
    0x1000d5c4   0x0000013c   Code   RO         2533    i._ZN5Chirp10recvHeaderEPhPsb  libpixy_m4.lib(chirp.o)
    0x1000d700   0x00000056   Code   RO         2534    i._ZN5Chirp10remoteInitEb  libpixy_m4.lib(chirp.o)
    0x1000d756   0x00000002   PAD
    0x1000d758   0x000000dc   Code   RO         2535    i._ZN5Chirp10sendHeaderEhs  libpixy_m4.lib(chirp.o)
    0x1000d834   0x00000274   Code   RO         2536    i._ZN5Chirp10vserializeEPS_PhjPSt9__va_list  libpixy_m4.lib(chirp.o)
    0x1000daa8   0x000001f4   Code   RO         2539    i._ZN5Chirp11handleChirpEhsPPv  libpixy_m4.lib(chirp.o)
    0x1000dc9c   0x00000002   Code   RO         2831    i._ZN5Chirp11handleXdataEPPv  libpixy_m4.lib(chirp.o)
    0x1000dc9e   0x00000038   Code   RO         2540    i._ZN5Chirp11lookupTableEPKc  libpixy_m4.lib(chirp.o)
    0x1000dcd6   0x00000068   Code   RO         2541    i._ZN5Chirp11updateTableEPKcPFjPS_E  libpixy_m4.lib(chirp.o)
    0x1000dd3e   0x00000002   PAD
    0x1000dd40   0x00000044   Code   RO         2542    i._ZN5Chirp12reallocTableEv  libpixy_m4.lib(chirp.o)
    0x1000dd84   0x00000028   Code   RO         2543    i._ZN5Chirp12vdeserializeEPhjPSt9__va_list  libpixy_m4.lib(chirp.o)
    0x1000ddac   0x0000000e   Code   RO         2544    i._ZN5Chirp13restoreBufferEv  libpixy_m4.lib(chirp.o)
    0x1000ddba   0x0000003e   Code   RO         2545    i._ZN5Chirp14registerModuleEPK10ProcModule  libpixy_m4.lib(chirp.o)
    0x1000ddf8   0x0000005e   Code   RO         2546    i._ZN5Chirp14sendChirpRetryEhs  libpixy_m4.lib(chirp.o)
    0x1000de56   0x00000024   Code   RO         2547    i._ZN5Chirp15handleEnumerateEPcPs  libpixy_m4.lib(chirp.o)
    0x1000de7a   0x000000c2   Code   RO         2548    i._ZN5Chirp16deserializeParseEPhjPPv  libpixy_m4.lib(chirp.o)
    0x1000df3c   0x00000094   Code   RO         2549    i._ZN5Chirp19handleEnumerateInfoEPs  libpixy_m4.lib(chirp.o)
    0x1000dfd0   0x00000128   Code   RO         2550    i._ZN5Chirp4callEhsSt9__va_list  libpixy_m4.lib(chirp.o)
    0x1000e0f8   0x00000028   Code   RO         2551    i._ZN5Chirp4callEhsz  libpixy_m4.lib(chirp.o)
    0x1000e120   0x00000006   Code   RO         2552    i._ZN5Chirp4initEb  libpixy_m4.lib(chirp.o)
    0x1000e126   0x0000001c   Code   RO         2553    i._ZN5Chirp7calcCrcEPhj  libpixy_m4.lib(chirp.o)
    0x1000e142   0x0000004c   Code   RO         2554    i._ZN5Chirp7getProcEPKcPFjPS_E  libpixy_m4.lib(chirp.o)
    0x1000e18e   0x00000008   Code   RO         2555    i._ZN5Chirp7getTypeEPv  libpixy_m4.lib(chirp.o)
    0x1000e196   0x00000002   PAD
    0x1000e198   0x0000004c   Code   RO         2556    i._ZN5Chirp7reallocEj  libpixy_m4.lib(chirp.o)
    0x1000e1e4   0x00000042   Code   RO         2557    i._ZN5Chirp7recvAckEPbt  libpixy_m4.lib(chirp.o)
    0x1000e226   0x0000002e   Code   RO         2558    i._ZN5Chirp7sendAckEb  libpixy_m4.lib(chirp.o)
    0x1000e254   0x00000044   Code   RO         2559    i._ZN5Chirp7serviceEb  libpixy_m4.lib(chirp.o)
    0x1000e298   0x00000108   Code   RO         2560    i._ZN5Chirp7setLinkEP4Link  libpixy_m4.lib(chirp.o)
    0x1000e3a0   0x00000030   Code   RO         2561    i._ZN5Chirp7setProcEPKcPFjPS_EP18ProcTableExtension  libpixy_m4.lib(chirp.o)
    0x1000e3d0   0x00000056   Code   RO         2562    i._ZN5Chirp8assembleEhz  libpixy_m4.lib(chirp.o)
    0x1000e426   0x000000ac   Code   RO         2563    i._ZN5Chirp8loadArgsEPSt9__va_listPPv  libpixy_m4.lib(chirp.o)
    0x1000e4d2   0x000000f2   Code   RO         2564    i._ZN5Chirp8recvDataEv  libpixy_m4.lib(chirp.o)
    0x1000e5c4   0x000000cc   Code   RO         2565    i._ZN5Chirp8recvFullEPhPsb  libpixy_m4.lib(chirp.o)
    0x1000e690   0x000000c0   Code   RO         2566    i._ZN5Chirp8sendDataEv  libpixy_m4.lib(chirp.o)
    0x1000e750   0x0000007c   Code   RO         2567    i._ZN5Chirp8sendFullEhs  libpixy_m4.lib(chirp.o)
    0x1000e7cc   0x00000008   Code   RO         2568    i._ZN5Chirp9connectedEv  libpixy_m4.lib(chirp.o)
    0x1000e7d4   0x000000aa   Code   RO         2569    i._ZN5Chirp9recvChirpEPhPsPPvb  libpixy_m4.lib(chirp.o)
    0x1000e87e   0x0000004a   Code   RO         2570    i._ZN5Chirp9sendChirpEhs  libpixy_m4.lib(chirp.o)
    0x1000e8c8   0x00000026   Code   RO         2571    i._ZN5Chirp9serializeEPS_Phjz  libpixy_m4.lib(chirp.o)
    0x1000e8ee   0x0000004c   Code   RO         2572    i._ZN5Chirp9useBufferEPhj  libpixy_m4.lib(chirp.o)
    0x1000e93a   0x00000026   Code   RO         2573    i._ZN5Chirp9vassembleEPSt9__va_list  libpixy_m4.lib(chirp.o)
    0x1000e960   0x000000c4   Code   RO         2574    i._ZN5ChirpC1EbbP4Link  libpixy_m4.lib(chirp.o)
    0x1000ea24   0x0000000c   Code   RO          662    i._ZN5RectAC1Ev     colorlut.o
    0x1000ea30   0x00000006   Code   RO          674    i._ZN6FpointC1Eff   colorlut.o
    0x1000ea36   0x00000008   Code   RO          668    i._ZN6FpointC1Ev    colorlut.o
    0x1000ea3e   0x00000002   PAD
    0x1000ea40   0x00000044   Code   RO         3765    i._ZN6SMLink4sendEPKhjt  libpixy_m4.lib(smlink.o)
    0x1000ea84   0x00000044   Code   RO         3766    i._ZN6SMLink7receiveEPhjt  libpixy_m4.lib(smlink.o)
    0x1000eac8   0x00000028   Code   RO         3767    i._ZN6SMLink8getFlagsEh  libpixy_m4.lib(smlink.o)
    0x1000eaf0   0x0000000c   Code   RO         3768    i._ZN6SMLink8getTimerEv  libpixy_m4.lib(smlink.o)
    0x1000eafc   0x0000000e   Code   RO         3769    i._ZN6SMLink8setTimerEv  libpixy_m4.lib(smlink.o)
    0x1000eb0a   0x00000002   PAD
    0x1000eb0c   0x0000002c   Code   RO         3770    i._ZN6SMLinkC1Ev    libpixy_m4.lib(smlink.o)
    0x1000eb38   0x00000006   Code   RO          846    i._ZN7Iserial10receiveLenEv  i2c.o
    0x1000eb3e   0x00000006   Code   RO          858    i._ZN7Iserial4openEv  i2c.o
    0x1000eb44   0x00000006   Code   RO          864    i._ZN7Iserial5closeEv  i2c.o
    0x1000eb4a   0x00000006   Code   RO          876    i._ZN7Iserial6updateEv  i2c.o
    0x1000eb50   0x00000006   Code   RO          870    i._ZN7Iserial7receiveEPhj  i2c.o
    0x1000eb56   0x00000002   PAD
    0x1000eb58   0x00000070   Code   RO         3492    i._ZN7USBLink4sendEPKhjt  libpixy_m4.lib(usblink.o)
    0x1000ebc8   0x000000d8   Code   RO         3493    i._ZN7USBLink7receiveEPhjt  libpixy_m4.lib(usblink.o)
    0x1000eca0   0x0000000c   Code   RO         3494    i._ZN7USBLink8getTimerEv  libpixy_m4.lib(usblink.o)
    0x1000ecac   0x0000000e   Code   RO         3495    i._ZN7USBLink8setTimerEv  libpixy_m4.lib(usblink.o)
    0x1000ecba   0x00000002   PAD
    0x1000ecbc   0x00000020   Code   RO         3496    i._ZN7USBLinkC1Ev   libpixy_m4.lib(usblink.o)
    0x1000ecdc   0x0000000a   Code   RO          490    i._ZN8SMoments3AddERKS_  blob.o
    0x1000ece6   0x0000000c   Code   RO          692    i._ZSt3cosf         colorlut.o
    0x1000ecf2   0x0000000c   Code   RO          698    i._ZSt3tanf         colorlut.o
    0x1000ecfe   0x00000008   Code   RO          686    i._ZSt4fabsf        colorlut.o
    0x1000ed06   0x00000008   Code   RO         4105    i._ZdaPv            cpprt_w.l(array_del.o)
    0x1000ed0e   0x00000008   Code   RO         4115    i._ZdlPv            cpprt_w.l(delete.o)
    0x1000ed16   0x00000008   Code   RO         4108    i._Znaj             cpprt_w.l(array_new.o)
    0x1000ed1e   0x00000008   Code   RO         4112    i._ZnajRKSt9nothrow_t  cpprt_w.l(array_nonew.o)
    0x1000ed26   0x00000002   PAD
    0x1000ed28   0x00000028   Code   RO         4118    i._Znwj             cpprt_w.l(new.o)
    0x1000ed50   0x00000008   Code   RO         4231    i._ZnwjRKSt9nothrow_t  cpprt_w.l(new_wrapnothrow.o)
    0x1000ed58   0x00000030   Code   RO         4751    i.__ARM_fpclassify  m_wm.l(fpclassify.o)
    0x1000ed88   0x00000026   Code   RO         4574    i.__ARM_fpclassifyf  m_wm.l(fpclassifyf.o)
    0x1000edae   0x00000024   Code   RO         4125    i.__aeabi_vec_ctor_nocookie_nodtor  cpprt_w.l(aeabi_vec_ctor_nocookie_nodtor.o)
    0x1000edd2   0x00000006   Code   RO         4122    i.__cxa_pure_virtual  cpprt_w.l(pure_virt.o)
    0x1000edd8   0x0000024c   Code   RO         4280    i.__hardfp_atan2f   m_wm.l(atan2f.o)
    0x1000f024   0x00000158   Code   RO         4292    i.__hardfp_cosf     m_wm.l(cosf.o)
    0x1000f17c   0x000001e8   Code   RO         4304    i.__hardfp_expf     m_wm.l(expf.o)
    0x1000f364   0x00000174   Code   RO         4318    i.__hardfp_logf     m_wm.l(logf.o)
    0x1000f4d8   0x0000018c   Code   RO         4332    i.__hardfp_sinf     m_wm.l(sinf.o)
    0x1000f664   0x00000178   Code   RO         4356    i.__hardfp_tanf     m_wm.l(tanf.o)
    0x1000f7dc   0x00000010   Code   RO         4576    i.__mathlib_flt_underflow  m_wm.l(funder.o)
    0x1000f7ec   0x00000140   Code   RO         4578    i.__mathlib_rredf2  m_wm.l(rredf.o)
    0x1000f92c   0x00000014   Code   RO         1789    i.__sti___10_camera_cpp_g_sccb  libpixy_m4.lib(camera.o)
    0x1000f940   0x0000000e   Code   RO         4069    i._is_digit         c_w.l(__printf_wp.o)
    0x1000f94e   0x00000002   PAD
    0x1000f950   0x0000001c   Code   RO         3604    i._mbxProcess       libpixy_m4.lib(ipc_mbx.o)
    0x1000f96c   0x0000004c   Code   RO         2197    i.adc_get           libpixy_m4.lib(misc.o)
    0x1000f9b8   0x00000014   Code   RO         4282    i.atan2f            m_wm.l(atan2f.o)
    0x1000f9cc   0x00000034   Code   RO         2198    i.button            libpixy_m4.lib(misc.o)
    0x1000fa00   0x00000148   Code   RO         3039    i.clockInit         libpixy_m4.lib(platform_config.o)
    0x1000fb48   0x00000010   Code   RO         4294    i.cosf              m_wm.l(cosf.o)
    0x1000fb58   0x000000b4   Code   RO         2866    i.debug_frmwrk_init_clk  libpixy_m4.lib(debug_frmwrk.o)
    0x1000fc0c   0x00000018   Code   RO         2200    i.delayus           libpixy_m4.lib(misc.o)
    0x1000fc24   0x00000028   Code   RO         3040    i.delayus           libpixy_m4.lib(platform_config.o)
    0x1000fc4c   0x00000050   Code   RO         3921    i.fpuInit           libpixy_m4.lib(fpu_init.o)
    0x1000fc9c   0x00000010   Code   RO         2201    i.getTimer          libpixy_m4.lib(misc.o)
    0x1000fcac   0x00000010   Code   RO         4320    i.logf              m_wm.l(logf.o)
    0x1000fcbc   0x00000034   Code   RO         2867    i.lpc_printf        libpixy_m4.lib(debug_frmwrk.o)
    0x1000fcf0   0x00000014   Code   RO         3041    i.platformInit      libpixy_m4.lib(platform_config.o)
    0x1000fd04   0x00000078   Code   RO         3292    i.recvChunk         libpixy_m4.lib(usbuser.o)
    0x1000fd7c   0x00000024   Code   RO         1235    i.scu_pinmux        libpixy_m4.lib(lpc43xx_scu.o)
    0x1000fda0   0x00000078   Code   RO         3293    i.sendChunk         libpixy_m4.lib(usbuser.o)
    0x1000fe18   0x0000000c   Code   RO         2202    i.setTimer          libpixy_m4.lib(misc.o)
    0x1000fe24   0x00000050   Code   RO         2203    i.showError         libpixy_m4.lib(misc.o)
    0x1000fe74   0x00000010   Code   RO         4334    i.sinf              m_wm.l(sinf.o)
    0x1000fe84   0x0000003e   Code   RO         4346    i.sqrtf             m_wm.l(sqrtf.o)
    0x1000fec2   0x00000010   Code   RO         4358    i.tanf              m_wm.l(tanf.o)
    0x1000fed2   0x00000002   PAD
    0x1000fed4   0x00000264   Code   RO         3042    i.vIOInit           libpixy_m4.lib(platform_config.o)
    0x10010138   0x0000002c   Code   RO         4713    locale$$code        c_w.l(lc_numeric_c.o)
    0x10010164   0x0000002c   Code   RO         4765    locale$$code        c_w.l(lc_ctype_c.o)
    0x10010190   0x0000000a   Code   RO         1068    t._ZN8ReceiveQIhE10receiveLenEv  uart.o
    0x1001019a   0x0000000a   Code   RO         1010    t._ZN8ReceiveQItE10receiveLenEv  spi.o
    0x100101a4   0x00000062   Code   RO         4236    x$fpl$d2f           fz_wm.l(d2f.o)
    0x10010206   0x00000002   PAD
    0x10010208   0x000002b0   Code   RO         4239    x$fpl$ddiv          fz_wm.l(ddiv.o)
    0x100104b8   0x00000026   Code   RO         4242    x$fpl$dfltu         fz_wm.l(dflt_clz.o)
    0x100104de   0x00000002   PAD
    0x100104e0   0x00000154   Code   RO         4248    x$fpl$dmul          fz_wm.l(dmul.o)
    0x10010634   0x0000009c   Code   RO         4559    x$fpl$dnaninf       fz_wm.l(dnaninf.o)
    0x100106d0   0x0000000c   Code   RO         4561    x$fpl$dretinf       fz_wm.l(dretinf.o)
    0x100106dc   0x00000056   Code   RO         4250    x$fpl$f2d           fz_wm.l(f2d.o)
    0x10010732   0x00000012   Code   RO         4252    x$fpl$fadd          fz_wm.l(faddsub_clz.o)
    0x10010744   0x00000018   Code   RO         4563    x$fpl$fcmpinf       fz_wm.l(fcmpi.o)
    0x1001075c   0x00000012   Code   RO         4258    x$fpl$fdiv          fz_wm.l(fdiv.o)
    0x1001076e   0x0000000e   Code   RO         4262    x$fpl$ffix          fz_wm.l(ffix.o)
    0x1001077c   0x0000000e   Code   RO         4266    x$fpl$ffixu         fz_wm.l(ffixu.o)
    0x1001078a   0x0000000e   Code   RO         4271    x$fpl$fflt          fz_wm.l(fflt_clz.o)
    0x10010798   0x0000000e   Code   RO         4270    x$fpl$ffltu         fz_wm.l(fflt_clz.o)
    0x100107a6   0x00000002   PAD
    0x100107a8   0x00000030   Code   RO         4274    x$fpl$fleqf         fz_wm.l(fleqf.o)
    0x100107d8   0x00000012   Code   RO         4276    x$fpl$fmul          fz_wm.l(fmul.o)
    0x100107ea   0x0000008c   Code   RO         4565    x$fpl$fnaninf       fz_wm.l(fnaninf.o)
    0x10010876   0x0000000a   Code   RO         4669    x$fpl$fpinit        fz_wm.l(fpinit.o)
    0x10010880   0x0000000a   Code   RO         4567    x$fpl$fretinf       fz_wm.l(fretinf.o)
    0x1001088a   0x00000028   Code   RO         4278    x$fpl$frleqf        fz_wm.l(frleqf.o)
    0x100108b2   0x00000012   Code   RO         4254    x$fpl$frsb          fz_wm.l(faddsub_clz.o)
    0x100108c4   0x00000012   Code   RO         4253    x$fpl$fsub          fz_wm.l(faddsub_clz.o)
    0x100108d6   0x00000004   Code   RO         4571    x$fpl$printf1       fz_wm.l(printf1.o)
    0x100108da   0x00000000   Code   RO         4573    x$fpl$usenofp       fz_wm.l(usenofp.o)
    0x100108da   0x000015e4   Data   RO            4    .constdata          main_m4.o
    0x10011ebe   0x00000002   PAD
    0x10011ec0   0x000000c8   Data   RO          208    .constdata          conncomp.o
    0x10011f88   0x0000016e   Data   RO          281    .constdata          exec.o
    0x100120f6   0x000004de   Data   RO         1130    .constdata          libpixy_m4.lib(lpc43xx_cgu.o)
    0x100125d4   0x0000027c   Data   RO         1814    .constdata          libpixy_m4.lib(camera.o)
    0x10012850   0x00000078   Data   RO         2068    .constdata          libpixy_m4.lib(led.o)
    0x100128c8   0x00000090   Data   RO         2148    .constdata          libpixy_m4.lib(rcservo.o)
    0x10012958   0x00000090   Data   RO         2407    .constdata          libpixy_m4.lib(param.o)
    0x100129e8   0x00000128   Data   RO         3088    .constdata          libpixy_m4.lib(usbdesc.o)
    0x10012b10   0x00000078   Data   RO         3860    .constdata          libpixy_m4.lib(power.o)
    0x10012b88   0x00000040   Data   RO         3955    .constdata          libpixy_m4.lib(atmel.o)
    0x10012bc8   0x00000082   Data   RO         3966    .constdata          libpixy_m4.lib(macronix.o)
    0x10012c4a   0x00000002   PAD
    0x10012c4c   0x00000078   Data   RO         3973    .constdata          libpixy_m4.lib(sst.o)
    0x10012cc4   0x00000011   Data   RO         4077    .constdata          c_w.l(__printf_flags_ss_wp.o)
    0x10012cd5   0x00000001   Data   RO         4235    .constdata          cpprt_w.l(nothrow_obj.o)
    0x10012cd6   0x00000002   PAD
    0x10012cd8   0x00000030   Data   RO         4307    .constdata          m_wm.l(expf.o)
    0x10012d08   0x00000040   Data   RO         4321    .constdata          m_wm.l(logf.o)
    0x10012d48   0x00000008   Data   RO         4422    .constdata          c_w.l(_printf_wctomb.o)
    0x10012d50   0x00000028   Data   RO         4451    .constdata          c_w.l(_printf_hex_int_ll_ptr.o)
    0x10012d78   0x00000020   Data   RO         4579    .constdata          m_wm.l(rredf.o)
    0x10012d98   0x00000094   Data   RO         4688    .constdata          c_w.l(bigflt0.o)
    0x10012e2c   0x0000001c   Data   RO          845    .constdata__ZTV3I2c  i2c.o
    0x10012e48   0x0000001c   Data   RO         1009    .constdata__ZTV3Spi  spi.o
    0x10012e64   0x00000024   Data   RO         3559    .constdata__ZTV4Link  libpixy_m4.lib(usblink.o)
    0x10012e88   0x0000001c   Data   RO         1067    .constdata__ZTV4Uart  uart.o
    0x10012ea4   0x00000018   Data   RO         2830    .constdata__ZTV5Chirp  libpixy_m4.lib(chirp.o)
    0x10012ebc   0x00000024   Data   RO         3814    .constdata__ZTV6SMLink  libpixy_m4.lib(smlink.o)
    0x10012ee0   0x0000001c   Data   RO          853    .constdata__ZTV7Iserial  i2c.o
    0x10012efc   0x00000024   Data   RO         3539    .constdata__ZTV7USBLink  libpixy_m4.lib(usblink.o)
    0x10012f20   0x0000001c   Data   RO          969    .constdata__ZTV9AnalogDig  analogdig.o
    0x10012f3c   0x000007c9   Data   RO          209    .conststring        conncomp.o
    0x10013705   0x00000003   PAD
    0x10013708   0x00000904   Data   RO          282    .conststring        exec.o
    0x1001400c   0x00000024   Data   RO          320    .conststring        progblobs.o
    0x10014030   0x0000002f   Data   RO          361    .conststring        progvideo.o
    0x1001405f   0x00000001   PAD
    0x10014060   0x00000024   Data   RO          389    .conststring        progpt.o
    0x10014084   0x00000135   Data   RO          912    .conststring        serial.o
    0x100141b9   0x00000003   PAD
    0x100141bc   0x00000a3a   Data   RO         1815    .conststring        libpixy_m4.lib(camera.o)
    0x10014bf6   0x00000002   PAD
    0x10014bf8   0x00000256   Data   RO         2069    .conststring        libpixy_m4.lib(led.o)
    0x10014e4e   0x00000002   PAD
    0x10014e50   0x000004c6   Data   RO         2149    .conststring        libpixy_m4.lib(rcservo.o)
    0x10015316   0x00000002   PAD
    0x10015318   0x00000244   Data   RO         2408    .conststring        libpixy_m4.lib(param.o)
    0x1001555c   0x00000128   Data   RO         3861    .conststring        libpixy_m4.lib(power.o)
    0x10015684   0x0000001c   Data   RO         4712    locale$$data        c_w.l(lc_numeric_c.o)
    0x100156a0   0x00000110   Data   RO         4764    locale$$data        c_w.l(lc_ctype_c.o)
    0x100157b0   0x00000004   Data   RO          391    .init_array         progpt.o
    0x100157b4   0x00000004   Data   RO         1096    .init_array         progchase.o
    0x100157b8   0x00000004   Data   RO         1817    .init_array         libpixy_m4.lib(camera.o)
    0x100157bc   0x00000000   Data   RO         4100    .init_array         c_w.l(init_aeabi.o)


    Execution Region EXEC_SPIFI (Base: 0x14000000, Size: 0x00000160, Max: 0x00100000, ABSOLUTE)

    Base Addr    Size         Type   Attr      Idx    E Section Name        Object

    0x14000000   0x00000008   Data   RO         3758    RESET               libpixy_m4.lib(startup_lpc43xx_m4.o)
    0x14000008   0x00000008   Code   RO         4097  * !!!main             c_w.l(__main.o)
    0x14000010   0x00000034   Code   RO         4803    !!!scatter          c_w.l(__scatter.o)
    0x14000044   0x0000005a   Code   RO         4801    !!dczerorl2         c_w.l(__dczerorl2.o)
    0x1400009e   0x00000002   PAD
    0x140000a0   0x0000001a   Code   RO         4805    !!handler_copy      c_w.l(__scatter_copy.o)
    0x140000ba   0x00000002   PAD
    0x140000bc   0x0000001c   Code   RO         4807    !!handler_zi        c_w.l(__scatter_zi.o)
    0x140000d8   0x0000004c   Code   RO         3760    .text               libpixy_m4.lib(startup_lpc43xx_m4.o)
    0x14000124   0x0000000a   Ven    RO         4809    Veneer$$Code        anon$$obj.o
    0x1400012e   0x00000002   PAD
    0x14000130   0x00000030   Data   RO         4799    Region$$Table       anon$$obj.o


    Execution Region RW_IRAM1 (Base: 0x20000000, Size: 0x000079f0, Max: 0x00008000, ABSOLUTE, COMPRESSED[0x0000004c])

    Base Addr    Size         Type   Attr      Idx    E Section Name        Object

    0x20000000   0x0000000e   Data   RW          210    .data               conncomp.o
    0x2000000e   0x00000002   PAD
    0x20000010   0x00000014   Data   RW          283    .data               exec.o
    0x20000024   0x00000012   Data   RW          321    .data               progblobs.o
    0x20000036   0x00000002   PAD
    0x20000038   0x00000018   Data   RW          362    .data               progvideo.o
    0x20000050   0x00000010   Data   RW          390    .data               progpt.o
    0x20000060   0x00000004   Data   RW          433    .data               button.o
    0x20000064   0x0000000a   Data   RW          478    .data               blob.o
    0x2000006e   0x00000002   PAD
    0x20000070   0x00000004   Data   RW          772    .data               lpc43xx_i2c.o
    0x20000074   0x00000004   Data   RW          830    .data               i2c.o
    0x20000078   0x00000008   Data   RW          913    .data               serial.o
    0x20000080   0x00000004   Data   RW          954    .data               analogdig.o
    0x20000084   0x00000004   Data   RW          994    .data               spi.o
    0x20000088   0x00000004   Data   RW         1052    .data               uart.o
    0x2000008c   0x00000044   Data   RW         1131    .data               libpixy_m4.lib(lpc43xx_cgu.o)
    0x200000d0   0x00000024   Data   RW         1442    .data               libpixy_m4.lib(usbcore.o)
    0x200000f4   0x0000000d   Data   RW         1579    .data               libpixy_m4.lib(pixy_init.o)
    0x20000101   0x00000003   PAD
    0x20000104   0x00000014   Data   RW         1816    .data               libpixy_m4.lib(camera.o)
    0x20000118   0x00000015   Data   RW         2070    .data               libpixy_m4.lib(led.o)
    0x2000012d   0x00000001   PAD
    0x2000012e   0x0000000c   Data   RW         2150    .data               libpixy_m4.lib(rcservo.o)
    0x2000013a   0x00000002   PAD
    0x2000013c   0x00000004   Data   RW         2211    .data               libpixy_m4.lib(misc.o)
    0x20000140   0x00000001   Data   RW         2409    .data               libpixy_m4.lib(param.o)
    0x20000141   0x00000003   PAD
    0x20000144   0x00000028   Data   RW         2868    .data               libpixy_m4.lib(debug_frmwrk.o)
    0x2000016c   0x00000004   Data   RW         3129    .data               libpixy_m4.lib(usbhw.o)
    0x20000170   0x0000002c   Data   RW         3296    .data               libpixy_m4.lib(usbuser.o)
    0x2000019c   0x00000004   Data   RW         3505    .data               libpixy_m4.lib(usblink.o)
    0x200001a0   0x0000000c   Data   RW         3607    .data               libpixy_m4.lib(ipc_mbx.o)
    0x200001ac   0x00000020   Zero   RW          280    .bss                exec.o
    0x200001cc   0x00000028   Zero   RW          388    .bss                progpt.o
    0x200001f4   0x00000030   Zero   RW          771    .bss                lpc43xx_i2c.o
    0x20000224   0x00000018   Zero   RW         1093    .bss                progchase.o
    0x2000023c   0x00000040   Zero   RW         1441    .bss                libpixy_m4.lib(usbcore.o)
    0x2000027c   0x0000000c   Zero   RW         2067    .bss                libpixy_m4.lib(led.o)
    0x20000288   0x00000080   Zero   RW         3043    .bss                libpixy_m4.lib(platform_config.o)
    0x20000308   0x000004f8   PAD
    0x20000800   0x0000034c   Zero   RW         3128    .bss                libpixy_m4.lib(usbhw.o)
    0x20000b4c   0x00000040   Zero   RW         3504    .bss                libpixy_m4.lib(usblink.o)
    0x20000b8c   0x00000060   Zero   RW         4588    .bss                c_w.l(libspace.o)
    0x20000bec   0x00000004   PAD
    0x20000bf0   0x00006800   Zero   RW         3757    HEAP                libpixy_m4.lib(startup_lpc43xx_m4.o)
    0x200073f0   0x00000600   Zero   RW         3756    STACK               libpixy_m4.lib(startup_lpc43xx_m4.o)


==============================================================================

Image component sizes


      Code (inc. data)   RO Data    RW Data    ZI Data      Debug   Object Name

       268         30         28          4          0       3997   analogdig.o
      1426         96          0         10          0      53956   blob.o
      4924         36          0          0          0      24992   blobs.o
      1540         70          0          4          0       9157   button.o
      3016         44          0          0          0      18804   colorlut.o
      2496        502       2193         14          0      18403   conncomp.o
      1064        154       2674         20         32       7459   exec.o
       610         36         56          4          0      31095   i2c.o
      2428        108          0          4         48      68858   lpc43xx_i2c.o
       156         50       5604          0          0      23812   main_m4.o
       356         26         36         18          0       3808   progblobs.o
      1000        336          4          0         24       4585   progchase.o
       832        308         40         16         40       4061   progpt.o
       336         36         47         24          0       2814   progvideo.o
       272          6          0          0          0       2712   qqueue.o
       428         92        309          8          0       2943   serial.o
       986         56         28          4          0      15087   spi.o
       762         34         28          4          0       7175   uart.o

    ----------------------------------------------------------------------
     22936       2020      11104        140        144     303718   Object Totals
        30          0         48          0          0          0   (incl. Generated)
         6          0          9          6          0          0   (incl. Padding)

    ----------------------------------------------------------------------

      Code (inc. data)   RO Data    RW Data    ZI Data      Debug   Library Member Name

        44          6          0          0          0         84   __2sprintf.o
        90          0          0          0          0          0   __dczerorl2.o
         8          0          0          0          0         68   __main.o
       392          4         17          0          0         92   __printf_flags_ss_wp.o
        14          0          0          0          0         68   __printf_wp.o
        48          0          0          0          0         88   __raise.o
        52          8          0          0          0          0   __scatter.o
        26          0          0          0          0          0   __scatter_copy.o
        28          0          0          0          0          0   __scatter_zi.o
         6          0          0          0          0          0   _printf_a.o
         6          0          0          0          0          0   _printf_c.o
        44          0          0          0          0        108   _printf_char.o
        48          6          0          0          0         96   _printf_char_common.o
        40          0          0          0          0         68   _printf_charcount.o
         6          0          0          0          0          0   _printf_d.o
       116         16          0          0          0         92   _printf_dec.o
         6          0          0          0          0          0   _printf_e.o
         6          0          0          0          0          0   _printf_f.o
      1046          0          0          0          0        216   _printf_fp_dec.o
       128         16          0          0          0         84   _printf_fp_infnan.o
         6          0          0          0          0          0   _printf_g.o
       148          4         40          0          0        160   _printf_hex_int_ll_ptr.o
         6          0          0          0          0          0   _printf_i.o
       178          0          0          0          0         88   _printf_intcommon.o
        10          0          0          0          0          0   _printf_l.o
         6          0          0          0          0          0   _printf_lc.o
        10          0          0          0          0          0   _printf_ll.o
         6          0          0          0          0          0   _printf_lld.o
         6          0          0          0          0          0   _printf_lli.o
         6          0          0          0          0          0   _printf_llo.o
         6          0          0          0          0          0   _printf_llu.o
         6          0          0          0          0          0   _printf_llx.o
       120         16          0          0          0         92   _printf_longlong_dec.o
         6          0          0          0          0          0   _printf_ls.o
         6          0          0          0          0          0   _printf_n.o
         6          0          0          0          0          0   _printf_o.o
       112          8          0          0          0        124   _printf_oct_int_ll.o
         6          0          0          0          0          0   _printf_p.o
        78          0          0          0          0        108   _printf_pad.o
         0          0          0          0          0          0   _printf_percent.o
         4          0          0          0          0          0   _printf_percent_end.o
         6          0          0          0          0          0   _printf_s.o
        82          0          0          0          0         80   _printf_str.o
        36          0          0          0          0         84   _printf_truncate.o
         6          0          0          0          0          0   _printf_u.o
        44          0          0          0          0        108   _printf_wchar.o
       188          6          8          0          0         92   _printf_wctomb.o
         6          0          0          0          0          0   _printf_x.o
        22          0          0          0          0        100   _rserrno.o
        10          0          0          0          0         68   _sputc.o
        64          0          0          0          0         92   _wcrtomb.o
        16          0          0          0          0         72   abort.o
       124         40          0          0          0         76   assert.o
        20          0          0          0          0         76   assert_puts.o
       216          4        148          0          0         96   bigflt0.o
      1910        128          0          0          0        672   btod.o
        36          4          0          0          0         76   c89vsprintf.o
         8          0          0          0          0         68   defsig_abrt_formal.o
         8          0          0          0          0         68   defsig_pvfn_formal.o
         8          0          0          0          0         68   defsig_rtmem_formal.o
        12          0          0          0          0         72   exit.o
        94          0          0          0          0         80   h1_alloc.o
        52          0          0          0          0         68   h1_extend.o
        78          0          0          0          0         80   h1_free.o
        14          0          0          0          0         84   h1_init.o
         6          0          0          0          0        152   heapauxi.o
         4          0          0          0          0        136   hguard.o
         0          0          0          0          0          0   indicate_semi.o
        36         10          0          0          0         80   init_aeabi.o
       138          0          0          0          0        168   init_alloc.o
        44         10        272          0          0         76   lc_ctype_c.o
        44         10         28          0          0         76   lc_numeric_c.o
         2          0          0          0          0          0   libinit.o
        46          0          0          0          0          0   libinit2.o
         2          0          0          0          0          0   libshutdown.o
         2          0          0          0          0          0   libshutdown2.o
         8          4          0          0         96         68   libspace.o
       138          0          0          0          0         80   lludiv10.o
       238          0          0          0          0        100   lludivv7m.o
         0          0          0          0          0          0   maybetermalloc1.o
        16          4          0          0          0         76   rt_ctype_table.o
         8          4          0          0          0         68   rt_eh_globals_addr_intlibspace.o
         8          4          0          0          0         68   rt_errno_addr_intlibspace.o
         8          4          0          0          0         68   rt_heap_descriptor_intlibspace.o
         8          4          0          0          0         68   rt_locale_intlibspace.o
        78          0          0          0          0         80   rt_memclr_w.o
       138          0          0          0          0         68   rt_memcpy_v6.o
       100          0          0          0          0         80   rt_memcpy_w.o
         8          4          0          0          0         68   rt_new_handler_addr_intlibspace.o
        20          0          0          0          0         80   rt_raise.o
         0          0          0          0          0          0   rtentry.o
        12          0          0          0          0          0   rtentry2.o
         6          0          0          0          0          0   rtentry4.o
         2          0          0          0          0          0   rtexit.o
        10          0          0          0          0          0   rtexit2.o
       128          0          0          0          0         68   strcmpv7m.o
        72          0          0          0          0         80   strcpy.o
        62          0          0          0          0         76   strlen.o
        12          4          0          0          0         68   sys_exit.o
        74          0          0          0          0         80   sys_stackheap_outer.o
        14          0          0          0          0         76   sys_wrch.o
         2          0          0          0          0         68   use_no_semi.o
        36          0          0          0          0         84   aeabi_vec_ctor_nocookie_nodtor.o
        34          0          0          0          0         84   aeabi_vec_dtor_noexceptions.o
        80         12          0          0          0        104   arm_exceptions_globs.o
        60          0          0          0          0        108   arm_exceptions_mem.o
        26          0          0          0          0         76   arm_exceptions_terminate.o
         4          0          0          0          0         68   arm_newhandler_noexceptions.o
         8          0          0          0          0         76   array_del.o
         8          0          0          0          0         76   array_new.o
         8          0          0          0          0         76   array_nonew.o
         8          0          0          0          0         76   delete.o
        40          6          0          0          0         76   new.o
         8          0          0          0          0         68   new_cheapnothrow.o
         8          0          0          0          0         76   new_wrapnothrow.o
         0          0          1          0          0          0   nothrow_obj.o
         6          0          0          0          0         68   pure_virt.o
        98          4          0          0          0        140   d2f.o
       688        140          0          0          0        256   ddiv.o
        38          0          0          0          0        116   dflt_clz.o
       340         12          0          0          0        152   dmul.o
       156          4          0          0          0        140   dnaninf.o
        12          0          0          0          0        116   dretinf.o
        86          4          0          0          0        132   f2d.o
        54          0          0          0          0        348   faddsub_clz.o
        24          0          0          0          0        116   fcmpi.o
        18          0          0          0          0        116   fdiv.o
        14          0          0          0          0        116   ffix.o
        14          0          0          0          0        116   ffixu.o
        28          0          0          0          0        232   fflt_clz.o
        48          4          0          0          0        132   fleqf.o
        18          0          0          0          0        116   fmul.o
       140          4          0          0          0        132   fnaninf.o
        10          0          0          0          0        116   fpinit.o
        10          0          0          0          0        116   fretinf.o
        40          0          0          0          0        116   frleqf.o
         4          0          0          0          0        116   printf1.o
         0          0          0          0          0          0   usenofp.o
       160         26          0          0          0         92   amic.o
       276         24         64          0          0         96   atmel.o
      1868        266       3258         20          0      29104   camera.o
       220         26          0          0          0         88   chi.o
      5478        206         24          0          0      44456   chirp.o
      1104        134          0         40          0       9727   debug_frmwrk.o
       184         12          0          0          0         96   eon.o
       188         24          0          0          0         96   esmt.o
       352         44          0          0          0        232   falcon_details.o
       192         10          0          0          0       1906   flash.o
        80         18          0          0          0       1162   fpu_init.o
       176         20          0          0          0         96   giga.o
       256         38          0         12          0       5956   ipc_mbx.o
       966        132        718         21         12       6407   led.o
       222          8          0          0          0       7175   lpc43xx_adc.o
      1208        124       1246         68          0      45083   lpc43xx_cgu.o
        36          6          0          0          0        965   lpc43xx_scu.o
       262          8          0          0          0       7983   lpc43xx_ssp.o
      1438         52          0          0          0      53033   lpc43xx_uart.o
       404         28        130          0          0         92   macronix.o
       260         34          0          4          0       4379   misc.o
       376         40          0          0          0        184   numonyx.o
      1292         60        724          1          0      17657   param.o
      1048        182          0         13          0      17308   pixy_init.o
      1000         72          0          0        128       6179   platform_config.o
       168         22        416          0          0       3823   power.o
       916        230       1366         12          0       5777   rcservo.o
       602         24          0          0          0       6088   sccb.o
       246         44         36          0          0       7244   smlink.o
       236         24          0          0          0        112   spansion.o
      4848        116          0          0          0       1148   spifi_rom_api.o
       184         26        120          0          0         88   sst.o
        76         26        284          0      28160        896   startup_lpc43xx_m4.o
        20          4          0          0          0        493   system_lpc43xx.o
      2346        272          0         36         64      52336   usbcore.o
         0          0        296          0          0       1042   usbdesc.o
      2162        200          0          4        844      31818   usbhw.o
       404         52         72          4         64       7710   usblink.o
       570        132          0         44          0       8114   usbuser.o
       252         20          0          0          0        172   winbond.o
       608         90          0          0          0        300   atan2f.o
       360         62          0          0          0        248   cosf.o
       488         66         48          0          0        212   expf.o
        48          0          0          0          0        124   fpclassify.o
        38          0          0          0          0        116   fpclassifyf.o
        16          6          0          0          0        116   funder.o
       388         48         64          0          0        248   logf.o
       320         24         32          0          0        160   rredf.o
       412         60          0          0          0        316   sinf.o
        62          0          0          0          0        136   sqrtf.o
       392         62          0          0          0        304   tanf.o

    ----------------------------------------------------------------------
     44886       3722       9422        288      30644     398841   Library Totals
        64          0         10          9       1276          0   (incl. Padding)

    ----------------------------------------------------------------------

      Code (inc. data)   RO Data    RW Data    ZI Data      Debug   Library Name

      7440        328        513          0         96       6092   c_w.l
       334         18          1          0          0       1116   cpprt_w.l
      1840        172          0          0          0       2940   fz_wm.l
     32076       2786       8754        279      29272     386413   libpixy_m4.lib
      3132        418        144          0          0       2280   m_wm.l

    ----------------------------------------------------------------------
     44886       3722       9422        288      30644     398841   Library Totals

    ----------------------------------------------------------------------

==============================================================================


      Code (inc. data)   RO Data    RW Data    ZI Data      Debug   

     67822       5742      20526        428      30788     667379   Grand Totals
     67822       5742      20526         76      30788     667379   ELF Image Totals (compressed)
     67822       5742      20526         76          0          0   ROM Totals

==============================================================================

    Total RO  Size (Code + RO Data)                88348 (  86.28kB)
    Total RW  Size (RW Data + ZI Data)             31216 (  30.48kB)
    Total ROM Size (Code + RO Data + RW Data)      88424 (  86.35kB)

==============================================================================

